---
http_interactions:
- request:
    method: post
    uri: "<API_ENDPOINT>/groups"
    body:
      encoding: UTF-8
      string: '{"group":{"title":"Awesome","descript":"My really awesome group"}}'
    headers:
      User-Agent:
      - ActiveCampaign Ruby Client (v3.0.0)
      Accept:
      - application/json
      Content-Type:
      - application/json
      Api-Token:
      - "<API_KEY>"
      Accept-Encoding:
      - gzip;q=1.0,deflate;q=0.6,identity;q=0.3
  response:
    status:
      code: 201
      message: Created
    headers:
      Date:
      - Tue, 14 Jul 2020 03:13:50 GMT
      Content-Type:
      - application/json
      Content-Length:
      - '654'
      Connection:
      - keep-alive
      Set-Cookie:
      - PHPSESSID=e7b06ed21e8074cae7a6f099a9e6b4ad; path=/; HttpOnly
      - __cfduid=defa8d1c18d9f7a57433747cc652c081d1594696430; expires=Thu, 13-Aug-20
        03:13:50 GMT; path=/; domain=.api-us1.com; HttpOnly; SameSite=Lax
      - em_acp_globalauth_cookie=2715c648-ae57-4f43-960d-11dcc68c9392; path=/; domain=.camplify1589433994.api-us1.com;
        secure; httponly
      - em_acp_globalauth_cookie=deleted; expires=Thu, 01-Jan-1970 00:00:01 GMT; Max-Age=0;
        path=/; domain=.camplify1589433994.api-us1.com
      - em_acp_globalauth_cookie=deleted; expires=Thu, 01-Jan-1970 00:00:01 GMT; Max-Age=0;
        path=/; domain=.camplify1589433994.api-us1.com
      Cache-Control:
      - no-store, no-cache, must-revalidate
      Expires:
      - Thu, 19 Nov 1981 08:52:00 GMT
      Pragma:
      - no-cache
      X-Envoy-Upstream-Service-Time:
      - '88'
      X-Request-Id:
      - 5966074c-cd86-4af3-abc4-7aa505983498
      Cf-Cache-Status:
      - DYNAMIC
      Cf-Request-Id:
      - 03ece98b09000016e16098e200000001
      Expect-Ct:
      - max-age=604800, report-uri="https://report-uri.cloudflare.com/cdn-cgi/beacon/expect-ct"
      Server:
      - cloudflare
      Cf-Ray:
      - 5b2811f1acb416e1-SYD
    body:
      encoding: UTF-8
      string: '{"group":{"title":"Awesome","descript":"My really awesome group","p_admin":1,"links":{"userGroups":"https:\/\/camplify1589433994.api-us1.com\/api\/3\/groups\/24\/userGroups","groupLimit":"https:\/\/camplify1589433994.api-us1.com\/api\/3\/groups\/24\/groupLimit","dealGroupGroups":"https:\/\/camplify1589433994.api-us1.com\/api\/3\/groups\/24\/dealGroupGroups","listGroups":"https:\/\/camplify1589433994.api-us1.com\/api\/3\/groups\/24\/listGroups","addressGroups":"https:\/\/camplify1589433994.api-us1.com\/api\/3\/groups\/24\/addressGroups","automationGroups":"https:\/\/camplify1589433994.api-us1.com\/api\/3\/groups\/24\/automationGroups"},"id":"24"}}'
    http_version: null
  recorded_at: Tue, 14 Jul 2020 03:13:50 GMT
- request:
    method: post
    uri: "<API_ENDPOINT>/users"
    body:
      encoding: UTF-8
      string: '{"user":{"username":"hokus","email":"hokus@pokus.de","firstName":"Hokus","lastName":"Pokus","group":"24","password":"hokuspokus"}}'
    headers:
      User-Agent:
      - ActiveCampaign Ruby Client (v3.0.0)
      Accept:
      - application/json
      Content-Type:
      - application/json
      Api-Token:
      - "<API_KEY>"
      Accept-Encoding:
      - gzip;q=1.0,deflate;q=0.6,identity;q=0.3
  response:
    status:
      code: 201
      message: Created
    headers:
      Date:
      - Tue, 14 Jul 2020 03:13:51 GMT
      Content-Type:
      - application/json
      Content-Length:
      - '952'
      Connection:
      - keep-alive
      Set-Cookie:
      - PHPSESSID=7f40cc4876a5c6a6fb3ae85fa460c3ac; path=/; HttpOnly
      - __cfduid=ddd4243142e05eec590d1867293d866991594696430; expires=Thu, 13-Aug-20
        03:13:50 GMT; path=/; domain=.api-us1.com; HttpOnly; SameSite=Lax
      - em_acp_globalauth_cookie=2bab8cb0-fae6-49ba-8e9e-9ddead531d9a; path=/; domain=.camplify1589433994.api-us1.com;
        secure; httponly
      - em_acp_globalauth_cookie=deleted; expires=Thu, 01-Jan-1970 00:00:01 GMT; Max-Age=0;
        path=/; domain=.camplify1589433994.api-us1.com
      - em_acp_globalauth_cookie=deleted; expires=Thu, 01-Jan-1970 00:00:01 GMT; Max-Age=0;
        path=/; domain=.camplify1589433994.api-us1.com
      Cache-Control:
      - no-store, no-cache, must-revalidate
      Expires:
      - Thu, 19 Nov 1981 08:52:00 GMT
      Pragma:
      - no-cache
      X-Envoy-Upstream-Service-Time:
      - '388'
      X-Request-Id:
      - 80c79bac-339d-4410-9cfd-681a5e59901d
      Cf-Cache-Status:
      - DYNAMIC
      Cf-Request-Id:
      - 03ece98c710000fd4a0e86a200000001
      Expect-Ct:
      - max-age=604800, report-uri="https://report-uri.cloudflare.com/cdn-cgi/beacon/expect-ct"
      Server:
      - cloudflare
      Cf-Ray:
      - 5b2811f3e87cfd4a-SYD
    body:
      encoding: UTF-8
      string: '{"user":{"username":"hokus","email":"hokus@pokus.de","firstName":"Hokus","lastName":"Pokus","localZoneid":"America\/Chicago","cdate":"2020-07-13T22:13:50-05:00","udate":"2020-07-13T22:13:50-05:00","links":{"lists":"https:\/\/camplify1589433994.api-us1.com\/api\/3\/users\/18\/lists","userGroup":"https:\/\/camplify1589433994.api-us1.com\/api\/3\/users\/18\/userGroup","dealGroupTotals":"https:\/\/camplify1589433994.api-us1.com\/api\/3\/users\/18\/dealGroupTotals","dealGroupUsers":"https:\/\/camplify1589433994.api-us1.com\/api\/3\/users\/18\/dealGroupUsers","configs":"https:\/\/camplify1589433994.api-us1.com\/api\/3\/users\/18\/configs","dealConnection":"https:\/\/camplify1589433994.api-us1.com\/api\/3\/users\/18\/dealConnection","userConversationsPermission":"https:\/\/camplify1589433994.api-us1.com\/api\/3\/users\/18\/userConversationsPermission","seatUser":"https:\/\/camplify1589433994.api-us1.com\/api\/3\/users\/18\/seatUser"},"id":"18"}}'
    http_version: null
  recorded_at: Tue, 14 Jul 2020 03:13:51 GMT
- request:
    method: post
    uri: "<API_ENDPOINT>/dealGroups"
    body:
      encoding: UTF-8
      string: '{"dealGroup":{"title":"Bogus Pipeline","currency":"eur","allgroups":1,"allusers":1,"autoassign":1,"users":["18"],"groups":["24"]}}'
    headers:
      User-Agent:
      - ActiveCampaign Ruby Client (v3.0.0)
      Accept:
      - application/json
      Content-Type:
      - application/json
      Api-Token:
      - "<API_KEY>"
      Accept-Encoding:
      - gzip;q=1.0,deflate;q=0.6,identity;q=0.3
  response:
    status:
      code: 201
      message: Created
    headers:
      Date:
      - Tue, 14 Jul 2020 03:13:52 GMT
      Content-Type:
      - application/json
      Content-Length:
      - '2382'
      Connection:
      - keep-alive
      Set-Cookie:
      - PHPSESSID=24e67645c8cada23a23932b8ae4f2af2; path=/; HttpOnly
      - __cfduid=dbd4d47b143bc21b5c1b6340dd6b65bea1594696431; expires=Thu, 13-Aug-20
        03:13:51 GMT; path=/; domain=.api-us1.com; HttpOnly; SameSite=Lax
      - em_acp_globalauth_cookie=b30c9a9d-a583-4f04-ba8d-e2f55b0efea1; path=/; domain=.camplify1589433994.api-us1.com;
        secure; httponly
      - em_acp_globalauth_cookie=deleted; expires=Thu, 01-Jan-1970 00:00:01 GMT; Max-Age=0;
        path=/; domain=.camplify1589433994.api-us1.com
      - em_acp_globalauth_cookie=deleted; expires=Thu, 01-Jan-1970 00:00:01 GMT; Max-Age=0;
        path=/; domain=.camplify1589433994.api-us1.com
      Cache-Control:
      - no-store, no-cache, must-revalidate
      Expires:
      - Thu, 19 Nov 1981 08:52:00 GMT
      Pragma:
      - no-cache
      X-Envoy-Upstream-Service-Time:
      - '231'
      X-Request-Id:
      - e8d7705e-0ccd-4399-a074-7208c7949c95
      Cf-Cache-Status:
      - DYNAMIC
      Cf-Request-Id:
      - 03ece98f0c000016e1559b2200000001
      Expect-Ct:
      - max-age=604800, report-uri="https://report-uri.cloudflare.com/cdn-cgi/beacon/expect-ct"
      Server:
      - cloudflare
      Cf-Ray:
      - 5b2811f818ee16e1-SYD
    body:
      encoding: UTF-8
      string: '{"dealStages":[{"group":"17","title":"To Contact","color":"19CCA3","order":"1","width":"280","dealOrder":"next-action
        DESC","cardRegion1":"title","cardRegion2":"next-action","cardRegion3":"show-avatar","cardRegion4":"contact-fullname-acctname","cardRegion5":"value","cdate":null,"udate":null,"links":{"group":"https:\/\/camplify1589433994.api-us1.com\/api\/3\/dealStages\/53\/group"},"id":"53"},{"group":"17","title":"In
        Contact","color":"5884EA","order":"2","width":"280","dealOrder":"next-action
        DESC","cardRegion1":"title","cardRegion2":"next-action","cardRegion3":"show-avatar","cardRegion4":"contact-fullname-acctname","cardRegion5":"value","cdate":null,"udate":null,"links":{"group":"https:\/\/camplify1589433994.api-us1.com\/api\/3\/dealStages\/54\/group"},"id":"54"},{"group":"17","title":"Follow
        Up","color":"FBD965","order":"3","width":"280","dealOrder":"next-action DESC","cardRegion1":"title","cardRegion2":"next-action","cardRegion3":"show-avatar","cardRegion4":"contact-fullname-acctname","cardRegion5":"value","cdate":null,"udate":null,"links":{"group":"https:\/\/camplify1589433994.api-us1.com\/api\/3\/dealStages\/55\/group"},"id":"55"}],"dealGroupUsers":[{"dealGroup":"17","user":"18","cdate":null,"links":{"dealGroup":"https:\/\/camplify1589433994.api-us1.com\/api\/3\/dealGroupUsers\/34\/dealGroup","user":"https:\/\/camplify1589433994.api-us1.com\/api\/3\/dealGroupUsers\/34\/user"},"id":"34"}],"dealGroupGroups":[{"d_groupid":"17","groupid":"24","cdate":null,"links":{"dealGroup":"https:\/\/camplify1589433994.api-us1.com\/api\/3\/dealGroupGroups\/17\/dealGroup","group":"https:\/\/camplify1589433994.api-us1.com\/api\/3\/dealGroupGroups\/17\/group"},"id":"17","dealGroup":"17","group":"24"}],"dealGroup":{"title":"Bogus
        Pipeline","currency":"eur","allgroups":1,"allusers":1,"autoassign":1,"cdate":"2020-07-13T22:13:52-05:00","udate":"2020-07-13T22:13:52-05:00","links":{"stages":"https:\/\/camplify1589433994.api-us1.com\/api\/3\/dealGroups\/17\/stages","dealGroupUsers":"https:\/\/camplify1589433994.api-us1.com\/api\/3\/dealGroups\/17\/dealGroupUsers","dealGroupGroups":"https:\/\/camplify1589433994.api-us1.com\/api\/3\/dealGroups\/17\/dealGroupGroups","winProbabilityFeatures":"https:\/\/camplify1589433994.api-us1.com\/api\/3\/dealGroups\/17\/winProbabilityFeatures"},"stages":["53","54","55"],"dealGroupUsers":["34"],"dealGroupGroups":["17"],"id":"17"}}'
    http_version: null
  recorded_at: Tue, 14 Jul 2020 03:13:52 GMT
- request:
    method: delete
    uri: "<API_ENDPOINT>/dealGroups/"
    body:
      encoding: US-ASCII
      string: ''
    headers:
      User-Agent:
      - ActiveCampaign Ruby Client (v3.0.0)
      Accept:
      - application/json
      Content-Type:
      - application/json
      Api-Token:
      - "<API_KEY>"
      Accept-Encoding:
      - gzip;q=1.0,deflate;q=0.6,identity;q=0.3
  response:
    status:
      code: 404
      message: Not Found
    headers:
      Date:
      - Tue, 14 Jul 2020 03:13:52 GMT
      Content-Type:
      - application/json
      Transfer-Encoding:
      - chunked
      Connection:
      - keep-alive
      Set-Cookie:
      - PHPSESSID=c164278e3fa7a523e917e79288a36344; path=/; HttpOnly
      - __cfduid=d19fc59a1dca68728bc486cef7cd921c81594696432; expires=Thu, 13-Aug-20
        03:13:52 GMT; path=/; domain=.api-us1.com; HttpOnly; SameSite=Lax
      - em_acp_globalauth_cookie=89a87a8d-8d4f-4669-a599-9a75a992f9ff; path=/; domain=.camplify1589433994.api-us1.com;
        secure; httponly
      - em_acp_globalauth_cookie=deleted; expires=Thu, 01-Jan-1970 00:00:01 GMT; Max-Age=0;
        path=/; domain=.camplify1589433994.api-us1.com
      - em_acp_globalauth_cookie=deleted; expires=Thu, 01-Jan-1970 00:00:01 GMT; Max-Age=0;
        path=/; domain=.camplify1589433994.api-us1.com
      Cache-Control:
      - no-store, no-cache, must-revalidate
      Expires:
      - Thu, 19 Nov 1981 08:52:00 GMT
      Pragma:
      - no-cache
      X-Envoy-Upstream-Service-Time:
      - '73'
      X-Request-Id:
      - ba1db9bc-59a4-401e-b75f-649a9681cd16
      Cf-Cache-Status:
      - DYNAMIC
      Cf-Request-Id:
      - 03ece993c50000d732082bb200000001
      Expect-Ct:
      - max-age=604800, report-uri="https://report-uri.cloudflare.com/cdn-cgi/beacon/expect-ct"
      Server:
      - cloudflare
      Cf-Ray:
      - 5b2811ffa90ed732-SYD
    body:
      encoding: ASCII-8BIT
      string: '{"message":"No Result found for DealGroup with id 0"}'
    http_version: null
  recorded_at: Tue, 14 Jul 2020 03:13:52 GMT
- request:
    method: delete
    uri: "<API_ENDPOINT>/users/18"
    body:
      encoding: US-ASCII
      string: ''
    headers:
      User-Agent:
      - ActiveCampaign Ruby Client (v3.0.0)
      Accept:
      - application/json
      Content-Type:
      - application/json
      Api-Token:
      - "<API_KEY>"
      Accept-Encoding:
      - gzip;q=1.0,deflate;q=0.6,identity;q=0.3
  response:
    status:
      code: 200
      message: OK
    headers:
      Date:
      - Tue, 14 Jul 2020 03:13:53 GMT
      Content-Type:
      - application/json
      Content-Length:
      - '2'
      Connection:
      - keep-alive
      Set-Cookie:
      - PHPSESSID=5bf34efdef49ef0c37a30ecbc6e20d09; path=/; HttpOnly
      - __cfduid=dda09c41886ca8cb67af010787ad40c201594696432; expires=Thu, 13-Aug-20
        03:13:52 GMT; path=/; domain=.api-us1.com; HttpOnly; SameSite=Lax
      - em_acp_globalauth_cookie=16f688df-de78-4018-81c1-8f79be24786a; path=/; domain=.camplify1589433994.api-us1.com;
        secure; httponly
      - em_acp_globalauth_cookie=deleted; expires=Thu, 01-Jan-1970 00:00:01 GMT; Max-Age=0;
        path=/; domain=.camplify1589433994.api-us1.com
      - em_acp_globalauth_cookie=deleted; expires=Thu, 01-Jan-1970 00:00:01 GMT; Max-Age=0;
        path=/; domain=.camplify1589433994.api-us1.com
      Cache-Control:
      - no-store, no-cache, must-revalidate
      Expires:
      - Thu, 19 Nov 1981 08:52:00 GMT
      Pragma:
      - no-cache
      X-Envoy-Upstream-Service-Time:
      - '380'
      X-Request-Id:
      - d3824712-5469-4534-b545-f01f60c449c0
      Accept-Ranges:
      - bytes
      Cf-Cache-Status:
      - DYNAMIC
      Cf-Request-Id:
      - 03ece995220000fe805ca82200000001
      Expect-Ct:
      - max-age=604800, report-uri="https://report-uri.cloudflare.com/cdn-cgi/beacon/expect-ct"
      Server:
      - cloudflare
      Cf-Ray:
      - 5b281201dd42fe80-SYD
    body:
      encoding: UTF-8
      string: "{}"
    http_version: null
  recorded_at: Tue, 14 Jul 2020 03:13:53 GMT
- request:
    method: delete
    uri: "<API_ENDPOINT>/groups/24"
    body:
      encoding: US-ASCII
      string: ''
    headers:
      User-Agent:
      - ActiveCampaign Ruby Client (v3.0.0)
      Accept:
      - application/json
      Content-Type:
      - application/json
      Api-Token:
      - "<API_KEY>"
      Accept-Encoding:
      - gzip;q=1.0,deflate;q=0.6,identity;q=0.3
  response:
    status:
      code: 200
      message: OK
    headers:
      Date:
      - Tue, 14 Jul 2020 03:13:53 GMT
      Content-Type:
      - application/json
      Content-Length:
      - '2'
      Connection:
      - keep-alive
      Set-Cookie:
      - PHPSESSID=d609c014ce962abd25adb16db775207d; path=/; HttpOnly
      - __cfduid=dd9f4aab6eb7d8cf08784592121d8b72a1594696433; expires=Thu, 13-Aug-20
        03:13:53 GMT; path=/; domain=.api-us1.com; HttpOnly; SameSite=Lax
      - em_acp_globalauth_cookie=a622e454-f0be-411e-848a-eb17b996d58b; path=/; domain=.camplify1589433994.api-us1.com;
        secure; httponly
      - em_acp_globalauth_cookie=deleted; expires=Thu, 01-Jan-1970 00:00:01 GMT; Max-Age=0;
        path=/; domain=.camplify1589433994.api-us1.com
      - em_acp_globalauth_cookie=deleted; expires=Thu, 01-Jan-1970 00:00:01 GMT; Max-Age=0;
        path=/; domain=.camplify1589433994.api-us1.com
      Cache-Control:
      - no-store, no-cache, must-revalidate
      Expires:
      - Thu, 19 Nov 1981 08:52:00 GMT
      Pragma:
      - no-cache
      X-Envoy-Upstream-Service-Time:
      - '89'
      X-Request-Id:
      - e23fd23d-ed11-4186-af44-9fe614a6ce70
      Accept-Ranges:
      - bytes
      Cf-Cache-Status:
      - DYNAMIC
      Cf-Request-Id:
      - 03ece997a50000da5ad3383200000001
      Expect-Ct:
      - max-age=604800, report-uri="https://report-uri.cloudflare.com/cdn-cgi/beacon/expect-ct"
      Server:
      - cloudflare
      Cf-Ray:
      - 5b281205da88da5a-SYD
    body:
      encoding: UTF-8
      string: "{}"
    http_version: null
  recorded_at: Tue, 14 Jul 2020 03:13:53 GMT
recorded_with: VCR 5.1.0
