---
http_interactions:
- request:
    method: post
    uri: "<API_ENDPOINT>/groups"
    body:
      encoding: UTF-8
      string: '{"group":{"title":"Awesome","descript":"My really awesome group"}}'
    headers:
      User-Agent:
      - ActiveCampaign Ruby Client (v3.0.0)
      Accept:
      - application/json
      Content-Type:
      - application/json
      Api-Token:
      - "<API_KEY>"
      Accept-Encoding:
      - gzip;q=1.0,deflate;q=0.6,identity;q=0.3
  response:
    status:
      code: 201
      message: Created
    headers:
      Date:
      - Tue, 14 Jul 2020 03:14:00 GMT
      Content-Type:
      - application/json
      Content-Length:
      - '654'
      Connection:
      - keep-alive
      Set-Cookie:
      - PHPSESSID=241d0e811b075e63628d5405e1c56555; path=/; HttpOnly
      - __cfduid=d3cf027a4939745341a91ff08b87f6b181594696440; expires=Thu, 13-Aug-20
        03:14:00 GMT; path=/; domain=.api-us1.com; HttpOnly; SameSite=Lax
      - em_acp_globalauth_cookie=58b95016-dd6c-435a-9812-2280ddada4f9; path=/; domain=.camplify1589433994.api-us1.com;
        secure; httponly
      - em_acp_globalauth_cookie=deleted; expires=Thu, 01-Jan-1970 00:00:01 GMT; Max-Age=0;
        path=/; domain=.camplify1589433994.api-us1.com
      - em_acp_globalauth_cookie=deleted; expires=Thu, 01-Jan-1970 00:00:01 GMT; Max-Age=0;
        path=/; domain=.camplify1589433994.api-us1.com
      Cache-Control:
      - no-store, no-cache, must-revalidate
      Expires:
      - Thu, 19 Nov 1981 08:52:00 GMT
      Pragma:
      - no-cache
      X-Envoy-Upstream-Service-Time:
      - '87'
      X-Request-Id:
      - 7293ac65-fc82-4a6a-b76c-e02ab77a83b8
      Cf-Cache-Status:
      - DYNAMIC
      Cf-Request-Id:
      - 03ece9b3560000fe646d1d4200000001
      Expect-Ct:
      - max-age=604800, report-uri="https://report-uri.cloudflare.com/cdn-cgi/beacon/expect-ct"
      Server:
      - cloudflare
      Cf-Ray:
      - 5b2812322c2ffe64-SYD
    body:
      encoding: UTF-8
      string: '{"group":{"title":"Awesome","descript":"My really awesome group","p_admin":1,"links":{"userGroups":"https:\/\/camplify1589433994.api-us1.com\/api\/3\/groups\/27\/userGroups","groupLimit":"https:\/\/camplify1589433994.api-us1.com\/api\/3\/groups\/27\/groupLimit","dealGroupGroups":"https:\/\/camplify1589433994.api-us1.com\/api\/3\/groups\/27\/dealGroupGroups","listGroups":"https:\/\/camplify1589433994.api-us1.com\/api\/3\/groups\/27\/listGroups","addressGroups":"https:\/\/camplify1589433994.api-us1.com\/api\/3\/groups\/27\/addressGroups","automationGroups":"https:\/\/camplify1589433994.api-us1.com\/api\/3\/groups\/27\/automationGroups"},"id":"27"}}'
    http_version: null
  recorded_at: Tue, 14 Jul 2020 03:14:00 GMT
- request:
    method: post
    uri: "<API_ENDPOINT>/users"
    body:
      encoding: UTF-8
      string: '{"user":{"username":"hokus","email":"hokus@pokus.de","firstName":"Hokus","lastName":"Pokus","group":"27","password":"hokuspokus"}}'
    headers:
      User-Agent:
      - ActiveCampaign Ruby Client (v3.0.0)
      Accept:
      - application/json
      Content-Type:
      - application/json
      Api-Token:
      - "<API_KEY>"
      Accept-Encoding:
      - gzip;q=1.0,deflate;q=0.6,identity;q=0.3
  response:
    status:
      code: 201
      message: Created
    headers:
      Date:
      - Tue, 14 Jul 2020 03:14:02 GMT
      Content-Type:
      - application/json
      Content-Length:
      - '952'
      Connection:
      - keep-alive
      Set-Cookie:
      - PHPSESSID=0435123b0fa034b781cb53758b5a2d82; path=/; HttpOnly
      - __cfduid=d18309de8638a007ea140f0c93472a8391594696441; expires=Thu, 13-Aug-20
        03:14:01 GMT; path=/; domain=.api-us1.com; HttpOnly; SameSite=Lax
      - em_acp_globalauth_cookie=3e58186d-ad76-4058-ba82-49d7bb07a2ab; path=/; domain=.camplify1589433994.api-us1.com;
        secure; httponly
      - em_acp_globalauth_cookie=deleted; expires=Thu, 01-Jan-1970 00:00:01 GMT; Max-Age=0;
        path=/; domain=.camplify1589433994.api-us1.com
      - em_acp_globalauth_cookie=deleted; expires=Thu, 01-Jan-1970 00:00:01 GMT; Max-Age=0;
        path=/; domain=.camplify1589433994.api-us1.com
      Cache-Control:
      - no-store, no-cache, must-revalidate
      Expires:
      - Thu, 19 Nov 1981 08:52:00 GMT
      Pragma:
      - no-cache
      X-Envoy-Upstream-Service-Time:
      - '326'
      X-Request-Id:
      - 30b83630-199a-4b93-9207-1d05da0b880a
      Cf-Cache-Status:
      - DYNAMIC
      Cf-Request-Id:
      - 03ece9b4c70000fd466192a200000001
      Expect-Ct:
      - max-age=604800, report-uri="https://report-uri.cloudflare.com/cdn-cgi/beacon/expect-ct"
      Server:
      - cloudflare
      Cf-Ray:
      - 5b2812347b50fd46-SYD
    body:
      encoding: UTF-8
      string: '{"user":{"username":"hokus","email":"hokus@pokus.de","firstName":"Hokus","lastName":"Pokus","localZoneid":"America\/Chicago","cdate":"2020-07-13T22:14:01-05:00","udate":"2020-07-13T22:14:01-05:00","links":{"lists":"https:\/\/camplify1589433994.api-us1.com\/api\/3\/users\/21\/lists","userGroup":"https:\/\/camplify1589433994.api-us1.com\/api\/3\/users\/21\/userGroup","dealGroupTotals":"https:\/\/camplify1589433994.api-us1.com\/api\/3\/users\/21\/dealGroupTotals","dealGroupUsers":"https:\/\/camplify1589433994.api-us1.com\/api\/3\/users\/21\/dealGroupUsers","configs":"https:\/\/camplify1589433994.api-us1.com\/api\/3\/users\/21\/configs","dealConnection":"https:\/\/camplify1589433994.api-us1.com\/api\/3\/users\/21\/dealConnection","userConversationsPermission":"https:\/\/camplify1589433994.api-us1.com\/api\/3\/users\/21\/userConversationsPermission","seatUser":"https:\/\/camplify1589433994.api-us1.com\/api\/3\/users\/21\/seatUser"},"id":"21"}}'
    http_version: null
  recorded_at: Tue, 14 Jul 2020 03:14:02 GMT
- request:
    method: post
    uri: "<API_ENDPOINT>/dealGroups"
    body:
      encoding: UTF-8
      string: '{"dealGroup":{"title":"Bogus Pipeline","currency":"eur","allgroups":1,"allusers":1,"autoassign":1,"users":["21"],"groups":["27"]}}'
    headers:
      User-Agent:
      - ActiveCampaign Ruby Client (v3.0.0)
      Accept:
      - application/json
      Content-Type:
      - application/json
      Api-Token:
      - "<API_KEY>"
      Accept-Encoding:
      - gzip;q=1.0,deflate;q=0.6,identity;q=0.3
  response:
    status:
      code: 201
      message: Created
    headers:
      Date:
      - Tue, 14 Jul 2020 03:14:02 GMT
      Content-Type:
      - application/json
      Content-Length:
      - '2382'
      Connection:
      - keep-alive
      Set-Cookie:
      - PHPSESSID=e25397ddc61ba2ec13103246d8a6f476; path=/; HttpOnly
      - __cfduid=d74c2a3d187f451e40b1497a7c45c9e661594696442; expires=Thu, 13-Aug-20
        03:14:02 GMT; path=/; domain=.api-us1.com; HttpOnly; SameSite=Lax
      - em_acp_globalauth_cookie=9514902d-d7ef-44c3-beeb-bc2393d51535; path=/; domain=.camplify1589433994.api-us1.com;
        secure; httponly
      - em_acp_globalauth_cookie=deleted; expires=Thu, 01-Jan-1970 00:00:01 GMT; Max-Age=0;
        path=/; domain=.camplify1589433994.api-us1.com
      - em_acp_globalauth_cookie=deleted; expires=Thu, 01-Jan-1970 00:00:01 GMT; Max-Age=0;
        path=/; domain=.camplify1589433994.api-us1.com
      Cache-Control:
      - no-store, no-cache, must-revalidate
      Expires:
      - Thu, 19 Nov 1981 08:52:00 GMT
      Pragma:
      - no-cache
      X-Envoy-Upstream-Service-Time:
      - '227'
      X-Request-Id:
      - e252ebad-f8e7-4078-a1db-170d5acea354
      Cf-Cache-Status:
      - DYNAMIC
      Cf-Request-Id:
      - 03ece9b9d50000fd22df37d200000001
      Expect-Ct:
      - max-age=604800, report-uri="https://report-uri.cloudflare.com/cdn-cgi/beacon/expect-ct"
      Server:
      - cloudflare
      Cf-Ray:
      - 5b28123c8cc4fd22-SYD
    body:
      encoding: UTF-8
      string: '{"dealStages":[{"group":"20","title":"To Contact","color":"19CCA3","order":"1","width":"280","dealOrder":"next-action
        DESC","cardRegion1":"title","cardRegion2":"next-action","cardRegion3":"show-avatar","cardRegion4":"contact-fullname-acctname","cardRegion5":"value","cdate":null,"udate":null,"links":{"group":"https:\/\/camplify1589433994.api-us1.com\/api\/3\/dealStages\/62\/group"},"id":"62"},{"group":"20","title":"In
        Contact","color":"5884EA","order":"2","width":"280","dealOrder":"next-action
        DESC","cardRegion1":"title","cardRegion2":"next-action","cardRegion3":"show-avatar","cardRegion4":"contact-fullname-acctname","cardRegion5":"value","cdate":null,"udate":null,"links":{"group":"https:\/\/camplify1589433994.api-us1.com\/api\/3\/dealStages\/63\/group"},"id":"63"},{"group":"20","title":"Follow
        Up","color":"FBD965","order":"3","width":"280","dealOrder":"next-action DESC","cardRegion1":"title","cardRegion2":"next-action","cardRegion3":"show-avatar","cardRegion4":"contact-fullname-acctname","cardRegion5":"value","cdate":null,"udate":null,"links":{"group":"https:\/\/camplify1589433994.api-us1.com\/api\/3\/dealStages\/64\/group"},"id":"64"}],"dealGroupUsers":[{"dealGroup":"20","user":"21","cdate":null,"links":{"dealGroup":"https:\/\/camplify1589433994.api-us1.com\/api\/3\/dealGroupUsers\/40\/dealGroup","user":"https:\/\/camplify1589433994.api-us1.com\/api\/3\/dealGroupUsers\/40\/user"},"id":"40"}],"dealGroupGroups":[{"d_groupid":"20","groupid":"27","cdate":null,"links":{"dealGroup":"https:\/\/camplify1589433994.api-us1.com\/api\/3\/dealGroupGroups\/20\/dealGroup","group":"https:\/\/camplify1589433994.api-us1.com\/api\/3\/dealGroupGroups\/20\/group"},"id":"20","dealGroup":"20","group":"27"}],"dealGroup":{"title":"Bogus
        Pipeline","currency":"eur","allgroups":1,"allusers":1,"autoassign":1,"cdate":"2020-07-13T22:14:02-05:00","udate":"2020-07-13T22:14:02-05:00","links":{"stages":"https:\/\/camplify1589433994.api-us1.com\/api\/3\/dealGroups\/20\/stages","dealGroupUsers":"https:\/\/camplify1589433994.api-us1.com\/api\/3\/dealGroups\/20\/dealGroupUsers","dealGroupGroups":"https:\/\/camplify1589433994.api-us1.com\/api\/3\/dealGroups\/20\/dealGroupGroups","winProbabilityFeatures":"https:\/\/camplify1589433994.api-us1.com\/api\/3\/dealGroups\/20\/winProbabilityFeatures"},"stages":["62","63","64"],"dealGroupUsers":["40"],"dealGroupGroups":["20"],"id":"20"}}'
    http_version: null
  recorded_at: Tue, 14 Jul 2020 03:14:02 GMT
- request:
    method: get
    uri: "<API_ENDPOINT>/dealGroups"
    body:
      encoding: US-ASCII
      string: ''
    headers:
      User-Agent:
      - ActiveCampaign Ruby Client (v3.0.0)
      Accept:
      - application/json
      Content-Type:
      - application/json
      Api-Token:
      - "<API_KEY>"
      Accept-Encoding:
      - gzip;q=1.0,deflate;q=0.6,identity;q=0.3
  response:
    status:
      code: 200
      message: OK
    headers:
      Date:
      - Tue, 14 Jul 2020 03:14:03 GMT
      Content-Type:
      - application/json
      Transfer-Encoding:
      - chunked
      Connection:
      - keep-alive
      Set-Cookie:
      - PHPSESSID=7733a99fb60e91273e310e18769d2da9; path=/; HttpOnly
      - __cfduid=dbc80bdc70eca521b7811d33152bc64ce1594696442; expires=Thu, 13-Aug-20
        03:14:02 GMT; path=/; domain=.api-us1.com; HttpOnly; SameSite=Lax
      - em_acp_globalauth_cookie=59b1b133-3295-4971-b7af-b7f7d7f8dbae; path=/; domain=.camplify1589433994.api-us1.com;
        secure; httponly
      - em_acp_globalauth_cookie=deleted; expires=Thu, 01-Jan-1970 00:00:01 GMT; Max-Age=0;
        path=/; domain=.camplify1589433994.api-us1.com
      - em_acp_globalauth_cookie=deleted; expires=Thu, 01-Jan-1970 00:00:01 GMT; Max-Age=0;
        path=/; domain=.camplify1589433994.api-us1.com
      Cache-Control:
      - no-store, no-cache, must-revalidate
      Expires:
      - Thu, 19 Nov 1981 08:52:00 GMT
      Pragma:
      - no-cache
      X-Envoy-Upstream-Service-Time:
      - '145'
      X-Request-Id:
      - '09fa3539-f06d-4a97-b88a-a655912ef99e'
      Cf-Cache-Status:
      - DYNAMIC
      Cf-Request-Id:
      - 03ece9bbde0000da524da99200000001
      Expect-Ct:
      - max-age=604800, report-uri="https://report-uri.cloudflare.com/cdn-cgi/beacon/expect-ct"
      Server:
      - cloudflare
      Cf-Ray:
      - 5b28123fca2eda52-SYD
    body:
      encoding: ASCII-8BIT
      string: '{"dealStages":[{"group":"17","title":"To Contact","color":"19CCA3","order":"1","width":"280","dealOrder":"next-action
        DESC","cardRegion1":"title","cardRegion2":"next-action","cardRegion3":"show-avatar","cardRegion4":"contact-fullname-acctname","cardRegion5":"value","cdate":null,"udate":null,"links":{"group":"https:\/\/camplify1589433994.api-us1.com\/api\/3\/dealStages\/53\/group"},"id":"53"},{"group":"17","title":"In
        Contact","color":"5884EA","order":"2","width":"280","dealOrder":"next-action
        DESC","cardRegion1":"title","cardRegion2":"next-action","cardRegion3":"show-avatar","cardRegion4":"contact-fullname-acctname","cardRegion5":"value","cdate":null,"udate":null,"links":{"group":"https:\/\/camplify1589433994.api-us1.com\/api\/3\/dealStages\/54\/group"},"id":"54"},{"group":"17","title":"Follow
        Up","color":"FBD965","order":"3","width":"280","dealOrder":"next-action DESC","cardRegion1":"title","cardRegion2":"next-action","cardRegion3":"show-avatar","cardRegion4":"contact-fullname-acctname","cardRegion5":"value","cdate":null,"udate":null,"links":{"group":"https:\/\/camplify1589433994.api-us1.com\/api\/3\/dealStages\/55\/group"},"id":"55"},{"group":"20","title":"To
        Contact","color":"19CCA3","order":"1","width":"280","dealOrder":"next-action
        DESC","cardRegion1":"title","cardRegion2":"next-action","cardRegion3":"show-avatar","cardRegion4":"contact-fullname-acctname","cardRegion5":"value","cdate":null,"udate":null,"links":{"group":"https:\/\/camplify1589433994.api-us1.com\/api\/3\/dealStages\/62\/group"},"id":"62"},{"group":"20","title":"In
        Contact","color":"5884EA","order":"2","width":"280","dealOrder":"next-action
        DESC","cardRegion1":"title","cardRegion2":"next-action","cardRegion3":"show-avatar","cardRegion4":"contact-fullname-acctname","cardRegion5":"value","cdate":null,"udate":null,"links":{"group":"https:\/\/camplify1589433994.api-us1.com\/api\/3\/dealStages\/63\/group"},"id":"63"},{"group":"20","title":"Follow
        Up","color":"FBD965","order":"3","width":"280","dealOrder":"next-action DESC","cardRegion1":"title","cardRegion2":"next-action","cardRegion3":"show-avatar","cardRegion4":"contact-fullname-acctname","cardRegion5":"value","cdate":null,"udate":null,"links":{"group":"https:\/\/camplify1589433994.api-us1.com\/api\/3\/dealStages\/64\/group"},"id":"64"}],"dealGroups":[{"title":"Bogus
        Pipeline","currency":"eur","autoassign":"1","allusers":"1","allgroups":"1","win_probability_initialize_date":null,"cdate":"2020-07-13T22:13:52-05:00","udate":"2020-07-13T22:13:52-05:00","stages":["53","54","55"],"links":{"stages":"https:\/\/camplify1589433994.api-us1.com\/api\/3\/dealGroups\/17\/stages","dealGroupUsers":"https:\/\/camplify1589433994.api-us1.com\/api\/3\/dealGroups\/17\/dealGroupUsers","dealGroupGroups":"https:\/\/camplify1589433994.api-us1.com\/api\/3\/dealGroups\/17\/dealGroupGroups","winProbabilityFeatures":"https:\/\/camplify1589433994.api-us1.com\/api\/3\/dealGroups\/17\/winProbabilityFeatures"},"id":"17"},{"title":"Bogus
        Pipeline","currency":"eur","autoassign":"1","allusers":"1","allgroups":"1","win_probability_initialize_date":null,"cdate":"2020-07-13T22:14:02-05:00","udate":"2020-07-13T22:14:02-05:00","stages":["62","63","64"],"links":{"stages":"https:\/\/camplify1589433994.api-us1.com\/api\/3\/dealGroups\/20\/stages","dealGroupUsers":"https:\/\/camplify1589433994.api-us1.com\/api\/3\/dealGroups\/20\/dealGroupUsers","dealGroupGroups":"https:\/\/camplify1589433994.api-us1.com\/api\/3\/dealGroups\/20\/dealGroupGroups","winProbabilityFeatures":"https:\/\/camplify1589433994.api-us1.com\/api\/3\/dealGroups\/20\/winProbabilityFeatures"},"id":"20"}],"meta":{"total":"2"}}'
    http_version: null
  recorded_at: Tue, 14 Jul 2020 03:14:03 GMT
- request:
    method: delete
    uri: "<API_ENDPOINT>/dealGroups/20"
    body:
      encoding: US-ASCII
      string: ''
    headers:
      User-Agent:
      - ActiveCampaign Ruby Client (v3.0.0)
      Accept:
      - application/json
      Content-Type:
      - application/json
      Api-Token:
      - "<API_KEY>"
      Accept-Encoding:
      - gzip;q=1.0,deflate;q=0.6,identity;q=0.3
  response:
    status:
      code: 200
      message: OK
    headers:
      Date:
      - Tue, 14 Jul 2020 03:14:03 GMT
      Content-Type:
      - application/json
      Content-Length:
      - '2'
      Connection:
      - keep-alive
      Set-Cookie:
      - PHPSESSID=80a6296e8eceb03f2ce0aa6c4659895a; path=/; HttpOnly
      - __cfduid=d4ffbc79a2eb26f582ccd4cb5dfd741471594696443; expires=Thu, 13-Aug-20
        03:14:03 GMT; path=/; domain=.api-us1.com; HttpOnly; SameSite=Lax
      - em_acp_globalauth_cookie=295ea4a1-4300-4395-a3aa-afd5d36444f4; path=/; domain=.camplify1589433994.api-us1.com;
        secure; httponly
      - em_acp_globalauth_cookie=deleted; expires=Thu, 01-Jan-1970 00:00:01 GMT; Max-Age=0;
        path=/; domain=.camplify1589433994.api-us1.com
      - em_acp_globalauth_cookie=deleted; expires=Thu, 01-Jan-1970 00:00:01 GMT; Max-Age=0;
        path=/; domain=.camplify1589433994.api-us1.com
      Cache-Control:
      - no-store, no-cache, must-revalidate
      Expires:
      - Thu, 19 Nov 1981 08:52:00 GMT
      Pragma:
      - no-cache
      X-Envoy-Upstream-Service-Time:
      - '82'
      X-Request-Id:
      - ec6d169f-d1d5-4cd4-9175-6711f20757f6
      Accept-Ranges:
      - bytes
      Cf-Cache-Status:
      - DYNAMIC
      Cf-Request-Id:
      - 03ece9bd8e0000fd4e98ba1200000001
      Expect-Ct:
      - max-age=604800, report-uri="https://report-uri.cloudflare.com/cdn-cgi/beacon/expect-ct"
      Server:
      - cloudflare
      Cf-Ray:
      - 5b2812427f6efd4e-SYD
    body:
      encoding: UTF-8
      string: "{}"
    http_version: null
  recorded_at: Tue, 14 Jul 2020 03:14:03 GMT
- request:
    method: delete
    uri: "<API_ENDPOINT>/users/21"
    body:
      encoding: US-ASCII
      string: ''
    headers:
      User-Agent:
      - ActiveCampaign Ruby Client (v3.0.0)
      Accept:
      - application/json
      Content-Type:
      - application/json
      Api-Token:
      - "<API_KEY>"
      Accept-Encoding:
      - gzip;q=1.0,deflate;q=0.6,identity;q=0.3
  response:
    status:
      code: 200
      message: OK
    headers:
      Date:
      - Tue, 14 Jul 2020 03:14:07 GMT
      Content-Type:
      - application/json
      Content-Length:
      - '2'
      Connection:
      - keep-alive
      Set-Cookie:
      - PHPSESSID=93e8644eaf5930afe5ca5d843faca629; path=/; HttpOnly
      - __cfduid=d7c92cc15d3129d62fa237b7eee7773711594696443; expires=Thu, 13-Aug-20
        03:14:03 GMT; path=/; domain=.api-us1.com; HttpOnly; SameSite=Lax
      - em_acp_globalauth_cookie=deleted; expires=Thu, 01-Jan-1970 00:00:01 GMT; Max-Age=0;
        path=/; domain=.camplify1589433994.api-us1.com
      - em_acp_globalauth_cookie=deleted; expires=Thu, 01-Jan-1970 00:00:01 GMT; Max-Age=0;
        path=/; domain=.camplify1589433994.api-us1.com
      - em_acp_globalauth_cookie=f8756262-2b1c-487b-8ce3-8c5046d53b62; path=/; domain=.camplify1589433994.api-us1.com;
        secure; httponly
      Cache-Control:
      - no-store, no-cache, must-revalidate
      Expires:
      - Thu, 19 Nov 1981 08:52:00 GMT
      Pragma:
      - no-cache
      X-Envoy-Upstream-Service-Time:
      - '3311'
      X-Request-Id:
      - ebc3c357-eeb3-425a-852f-e8348bf52864
      Accept-Ranges:
      - bytes
      Cf-Cache-Status:
      - DYNAMIC
      Cf-Request-Id:
      - 03ece9beeb000016cd47b18200000001
      Expect-Ct:
      - max-age=604800, report-uri="https://report-uri.cloudflare.com/cdn-cgi/beacon/expect-ct"
      Server:
      - cloudflare
      Cf-Ray:
      - 5b281244a93c16cd-SYD
    body:
      encoding: UTF-8
      string: "{}"
    http_version: null
  recorded_at: Tue, 14 Jul 2020 03:14:07 GMT
- request:
    method: delete
    uri: "<API_ENDPOINT>/groups/27"
    body:
      encoding: US-ASCII
      string: ''
    headers:
      User-Agent:
      - ActiveCampaign Ruby Client (v3.0.0)
      Accept:
      - application/json
      Content-Type:
      - application/json
      Api-Token:
      - "<API_KEY>"
      Accept-Encoding:
      - gzip;q=1.0,deflate;q=0.6,identity;q=0.3
  response:
    status:
      code: 200
      message: OK
    headers:
      Date:
      - Tue, 14 Jul 2020 03:14:07 GMT
      Content-Type:
      - application/json
      Content-Length:
      - '2'
      Connection:
      - keep-alive
      Set-Cookie:
      - PHPSESSID=5ec08a2de4b6e7b58a989a0c97d7247c; path=/; HttpOnly
      - __cfduid=d47616955ee1af146c72e7ff3d089886a1594696447; expires=Thu, 13-Aug-20
        03:14:07 GMT; path=/; domain=.api-us1.com; HttpOnly; SameSite=Lax
      - em_acp_globalauth_cookie=74d9d4a9-2973-4fb0-a3c5-ec997a2c5eef; path=/; domain=.camplify1589433994.api-us1.com;
        secure; httponly
      - em_acp_globalauth_cookie=deleted; expires=Thu, 01-Jan-1970 00:00:01 GMT; Max-Age=0;
        path=/; domain=.camplify1589433994.api-us1.com
      - em_acp_globalauth_cookie=deleted; expires=Thu, 01-Jan-1970 00:00:01 GMT; Max-Age=0;
        path=/; domain=.camplify1589433994.api-us1.com
      Cache-Control:
      - no-store, no-cache, must-revalidate
      Expires:
      - Thu, 19 Nov 1981 08:52:00 GMT
      Pragma:
      - no-cache
      X-Envoy-Upstream-Service-Time:
      - '88'
      X-Request-Id:
      - f0750e40-a565-4ae5-8296-0f8d0e271c92
      Accept-Ranges:
      - bytes
      Cf-Cache-Status:
      - DYNAMIC
      Cf-Request-Id:
      - 03ece9cce40000fd22f1982200000001
      Expect-Ct:
      - max-age=604800, report-uri="https://report-uri.cloudflare.com/cdn-cgi/beacon/expect-ct"
      Server:
      - cloudflare
      Cf-Ray:
      - 5b28125b0e33fd22-SYD
    body:
      encoding: UTF-8
      string: "{}"
    http_version: null
  recorded_at: Tue, 14 Jul 2020 03:14:07 GMT
recorded_with: VCR 5.1.0
