---
http_interactions:
- request:
    method: post
    uri: "<API_ENDPOINT>/fields"
    body:
      encoding: UTF-8
      string: '{"field":{"title":"Custom text","type":"text","descript":"A custom
        text field","isrequired":"0","perstag":"perstag","defval":"Default value","visible":"1","ordernum":"2"}}'
    headers:
      User-Agent:
      - ActiveCampaign Ruby Client (v3.0.0)
      Accept:
      - application/json
      Content-Type:
      - application/json
      Api-Token:
      - "<API_KEY>"
      Accept-Encoding:
      - gzip;q=1.0,deflate;q=0.6,identity;q=0.3
  response:
    status:
      code: 201
      message: Created
    headers:
      Date:
      - Thu, 28 May 2020 02:26:42 GMT
      Content-Type:
      - application/json
      Content-Length:
      - '432'
      Connection:
      - keep-alive
      Set-Cookie:
      - PHPSESSID=df2e737445fb89a4147cfed1eb0a4b45; path=/; HttpOnly
      - __cfduid=de267ec3af9903c3c82b5fd9e08f1084b1590632801; expires=Sat, 27-Jun-20
        02:26:41 GMT; path=/; domain=.api-us1.com; HttpOnly; SameSite=Lax
      - em_acp_globalauth_cookie=199af981-a4b0-443f-b4db-c41a0837ef58; path=/; domain=.camplify1589433994.api-us1.com;
        secure; httponly
      - em_acp_globalauth_cookie=deleted; expires=Thu, 01-Jan-1970 00:00:01 GMT; Max-Age=0;
        path=/; domain=.camplify1589433994.api-us1.com
      - em_acp_globalauth_cookie=deleted; expires=Thu, 01-Jan-1970 00:00:01 GMT; Max-Age=0;
        path=/; domain=.camplify1589433994.api-us1.com
      Cache-Control:
      - no-store, no-cache, must-revalidate
      Expires:
      - Thu, 19 Nov 1981 08:52:00 GMT
      Pragma:
      - no-cache
      X-Envoy-Upstream-Service-Time:
      - '318'
      X-Request-Id:
      - 3fa0e461-b818-45ab-9f14-c236dd2cee6b
      Cf-Cache-Status:
      - DYNAMIC
      Cf-Request-Id:
      - 02fab37d950000fe602ba28200000001
      Expect-Ct:
      - max-age=604800, report-uri="https://report-uri.cloudflare.com/cdn-cgi/beacon/expect-ct"
      Server:
      - cloudflare
      Cf-Ray:
      - 59a488428990fe60-SYD
    body:
      encoding: UTF-8
      string: '{"field":{"type":"text","title":"Custom text","descript":"A custom
        text field","isrequired":"0","perstag":"PERSTAG","defval":"Default value","visible":"1","ordernum":1,"cdate":"2020-05-27T21:26:41-05:00","udate":"2020-05-27T21:26:41-05:00","links":{"options":"https:\/\/camplify1589433994.api-us1.com\/api\/3\/fields\/303\/options","relations":"https:\/\/camplify1589433994.api-us1.com\/api\/3\/fields\/303\/relations"},"id":"303"}}'
    http_version: null
  recorded_at: Thu, 28 May 2020 02:26:42 GMT
- request:
    method: get
    uri: "<API_ENDPOINT>/fields/303"
    body:
      encoding: US-ASCII
      string: ''
    headers:
      User-Agent:
      - ActiveCampaign Ruby Client (v3.0.0)
      Accept:
      - application/json
      Content-Type:
      - application/json
      Api-Token:
      - "<API_KEY>"
      Accept-Encoding:
      - gzip;q=1.0,deflate;q=0.6,identity;q=0.3
  response:
    status:
      code: 200
      message: OK
    headers:
      Date:
      - Thu, 28 May 2020 02:26:42 GMT
      Content-Type:
      - application/json
      Transfer-Encoding:
      - chunked
      Connection:
      - keep-alive
      Set-Cookie:
      - PHPSESSID=c7cb7ad2a48f223d43da679786bb14da; path=/; HttpOnly
      - __cfduid=dbefd014dea599ef1f8473e4acf437c951590632802; expires=Sat, 27-Jun-20
        02:26:42 GMT; path=/; domain=.api-us1.com; HttpOnly; SameSite=Lax
      - em_acp_globalauth_cookie=98b1c10b-275f-4ef7-9c44-6d9206ff0d13; path=/; domain=.camplify1589433994.api-us1.com;
        secure; httponly
      - em_acp_globalauth_cookie=deleted; expires=Thu, 01-Jan-1970 00:00:01 GMT; Max-Age=0;
        path=/; domain=.camplify1589433994.api-us1.com
      - em_acp_globalauth_cookie=deleted; expires=Thu, 01-Jan-1970 00:00:01 GMT; Max-Age=0;
        path=/; domain=.camplify1589433994.api-us1.com
      Cache-Control:
      - no-store, no-cache, must-revalidate
      Expires:
      - Thu, 19 Nov 1981 08:52:00 GMT
      Pragma:
      - no-cache
      X-Envoy-Upstream-Service-Time:
      - '190'
      X-Request-Id:
      - 1015293e-2cac-4841-9b5c-9e431b6c56d4
      Cf-Cache-Status:
      - DYNAMIC
      Cf-Request-Id:
      - 02fab37fda0000da4ae12ae200000001
      Expect-Ct:
      - max-age=604800, report-uri="https://report-uri.cloudflare.com/cdn-cgi/beacon/expect-ct"
      Server:
      - cloudflare
      Cf-Ray:
      - 59a488462980da4a-SYD
    body:
      encoding: ASCII-8BIT
      string: '{"fieldOptions":[],"fieldRels":[],"field":{"title":"Custom text","descript":"A
        custom text field","type":"text","isrequired":"0","perstag":"PERSTAG","defval":"Default
        value","show_in_list":"0","rows":"0","cols":"0","visible":"1","service":"","ordernum":"1","cdate":"2020-05-27T21:26:41-05:00","udate":"2020-05-27T21:26:41-05:00","created_timestamp":"2020-05-27
        21:26:41","updated_timestamp":"2020-05-27 21:26:41","created_by":null,"updated_by":null,"options":[],"relations":[],"links":{"options":"https:\/\/camplify1589433994.api-us1.com\/api\/3\/fields\/303\/options","relations":"https:\/\/camplify1589433994.api-us1.com\/api\/3\/fields\/303\/relations"},"id":"303"}}'
    http_version: null
  recorded_at: Thu, 28 May 2020 02:26:42 GMT
- request:
    method: delete
    uri: "<API_ENDPOINT>/fields/303"
    body:
      encoding: US-ASCII
      string: ''
    headers:
      User-Agent:
      - ActiveCampaign Ruby Client (v3.0.0)
      Accept:
      - application/json
      Content-Type:
      - application/json
      Api-Token:
      - "<API_KEY>"
      Accept-Encoding:
      - gzip;q=1.0,deflate;q=0.6,identity;q=0.3
  response:
    status:
      code: 200
      message: OK
    headers:
      Date:
      - Thu, 28 May 2020 02:26:43 GMT
      Content-Type:
      - application/json
      Content-Length:
      - '2'
      Connection:
      - keep-alive
      Set-Cookie:
      - PHPSESSID=98d7be8c11552e9e85a9835b6eaf0061; path=/; HttpOnly
      - __cfduid=d93d3dd10e070d08e6524effffb3ef18f1590632802; expires=Sat, 27-Jun-20
        02:26:42 GMT; path=/; domain=.api-us1.com; HttpOnly; SameSite=Lax
      - em_acp_globalauth_cookie=cd7c1d51-7609-44c0-8a62-c2003739f621; path=/; domain=.camplify1589433994.api-us1.com;
        secure; httponly
      - em_acp_globalauth_cookie=deleted; expires=Thu, 01-Jan-1970 00:00:01 GMT; Max-Age=0;
        path=/; domain=.camplify1589433994.api-us1.com
      - em_acp_globalauth_cookie=deleted; expires=Thu, 01-Jan-1970 00:00:01 GMT; Max-Age=0;
        path=/; domain=.camplify1589433994.api-us1.com
      Cache-Control:
      - no-store, no-cache, must-revalidate
      Expires:
      - Thu, 19 Nov 1981 08:52:00 GMT
      Pragma:
      - no-cache
      X-Envoy-Upstream-Service-Time:
      - '354'
      X-Request-Id:
      - 34baa1e9-9a00-4067-a4ca-23b065017c66
      Accept-Ranges:
      - bytes
      Cf-Cache-Status:
      - DYNAMIC
      Cf-Request-Id:
      - 02fab381980000fd3e41184200000001
      Expect-Ct:
      - max-age=604800, report-uri="https://report-uri.cloudflare.com/cdn-cgi/beacon/expect-ct"
      Server:
      - cloudflare
      Cf-Ray:
      - 59a48848f8ccfd3e-SYD
    body:
      encoding: UTF-8
      string: "{}"
    http_version: null
  recorded_at: Thu, 28 May 2020 02:26:43 GMT
recorded_with: VCR 5.1.0
