---
http_interactions:
- request:
    method: post
    uri: "<API_ENDPOINT>/groups"
    body:
      encoding: UTF-8
      string: '{"group":{"title":"Awesome","descript":"My really awesome group"}}'
    headers:
      User-Agent:
      - ActiveCampaign Ruby Client (v3.0.0)
      Accept:
      - application/json
      Content-Type:
      - application/json
      Api-Token:
      - "<API_KEY>"
      Accept-Encoding:
      - gzip;q=1.0,deflate;q=0.6,identity;q=0.3
  response:
    status:
      code: 201
      message: Created
    headers:
      Date:
      - Tue, 14 Jul 2020 03:14:25 GMT
      Content-Type:
      - application/json
      Content-Length:
      - '654'
      Connection:
      - keep-alive
      Set-Cookie:
      - PHPSESSID=086510c25ed9931f2769e5c060c54b12; path=/; HttpOnly
      - __cfduid=dc2ddb993ffd150747ce13fd298d722961594696464; expires=Thu, 13-Aug-20
        03:14:24 GMT; path=/; domain=.api-us1.com; HttpOnly; SameSite=Lax
      - em_acp_globalauth_cookie=deleted; expires=Thu, 01-Jan-1970 00:00:01 GMT; Max-Age=0;
        path=/; domain=.camplify1589433994.api-us1.com
      - em_acp_globalauth_cookie=deleted; expires=Thu, 01-Jan-1970 00:00:01 GMT; Max-Age=0;
        path=/; domain=.camplify1589433994.api-us1.com
      - em_acp_globalauth_cookie=e0d2b95c-bc83-493e-a794-50a6c2d7f320; path=/; domain=.camplify1589433994.api-us1.com;
        secure; httponly
      Cache-Control:
      - no-store, no-cache, must-revalidate
      Expires:
      - Thu, 19 Nov 1981 08:52:00 GMT
      Pragma:
      - no-cache
      X-Envoy-Upstream-Service-Time:
      - '87'
      X-Request-Id:
      - b8b5abaa-07a0-44cc-b013-c0e9a6c5fcff
      Cf-Cache-Status:
      - DYNAMIC
      Cf-Request-Id:
      - 03ecea0e77000016b9c69c8200000001
      Expect-Ct:
      - max-age=604800, report-uri="https://report-uri.cloudflare.com/cdn-cgi/beacon/expect-ct"
      Server:
      - cloudflare
      Cf-Ray:
      - 5b2812c3f82c16b9-SYD
    body:
      encoding: UTF-8
      string: '{"group":{"title":"Awesome","descript":"My really awesome group","p_admin":1,"links":{"userGroups":"https:\/\/camplify1589433994.api-us1.com\/api\/3\/groups\/29\/userGroups","groupLimit":"https:\/\/camplify1589433994.api-us1.com\/api\/3\/groups\/29\/groupLimit","dealGroupGroups":"https:\/\/camplify1589433994.api-us1.com\/api\/3\/groups\/29\/dealGroupGroups","listGroups":"https:\/\/camplify1589433994.api-us1.com\/api\/3\/groups\/29\/listGroups","addressGroups":"https:\/\/camplify1589433994.api-us1.com\/api\/3\/groups\/29\/addressGroups","automationGroups":"https:\/\/camplify1589433994.api-us1.com\/api\/3\/groups\/29\/automationGroups"},"id":"29"}}'
    http_version: null
  recorded_at: Tue, 14 Jul 2020 03:14:25 GMT
- request:
    method: post
    uri: "<API_ENDPOINT>/users"
    body:
      encoding: UTF-8
      string: '{"user":{"username":"hokus","email":"hokus@pokus.de","firstName":"Hokus","lastName":"Pokus","group":"29","password":"hokuspokus"}}'
    headers:
      User-Agent:
      - ActiveCampaign Ruby Client (v3.0.0)
      Accept:
      - application/json
      Content-Type:
      - application/json
      Api-Token:
      - "<API_KEY>"
      Accept-Encoding:
      - gzip;q=1.0,deflate;q=0.6,identity;q=0.3
  response:
    status:
      code: 201
      message: Created
    headers:
      Date:
      - Tue, 14 Jul 2020 03:14:26 GMT
      Content-Type:
      - application/json
      Content-Length:
      - '952'
      Connection:
      - keep-alive
      Set-Cookie:
      - PHPSESSID=8f653b93bb6ad29fbd47c94a613e4eb3; path=/; HttpOnly
      - __cfduid=d09b635158f97cdff959fa89e118aca7c1594696465; expires=Thu, 13-Aug-20
        03:14:25 GMT; path=/; domain=.api-us1.com; HttpOnly; SameSite=Lax
      - em_acp_globalauth_cookie=b1669066-e193-434d-8434-251f63c25002; path=/; domain=.camplify1589433994.api-us1.com;
        secure; httponly
      - em_acp_globalauth_cookie=deleted; expires=Thu, 01-Jan-1970 00:00:01 GMT; Max-Age=0;
        path=/; domain=.camplify1589433994.api-us1.com
      - em_acp_globalauth_cookie=deleted; expires=Thu, 01-Jan-1970 00:00:01 GMT; Max-Age=0;
        path=/; domain=.camplify1589433994.api-us1.com
      Cache-Control:
      - no-store, no-cache, must-revalidate
      Expires:
      - Thu, 19 Nov 1981 08:52:00 GMT
      Pragma:
      - no-cache
      X-Envoy-Upstream-Service-Time:
      - '971'
      X-Request-Id:
      - 7532180d-15ca-428b-8a7e-eb6d60d826b8
      Cf-Cache-Status:
      - DYNAMIC
      Cf-Request-Id:
      - 03ecea12b00000fe7407be4200000001
      Expect-Ct:
      - max-age=604800, report-uri="https://report-uri.cloudflare.com/cdn-cgi/beacon/expect-ct"
      Server:
      - cloudflare
      Cf-Ray:
      - 5b2812cabb88fe74-SYD
    body:
      encoding: UTF-8
      string: '{"user":{"username":"hokus","email":"hokus@pokus.de","firstName":"Hokus","lastName":"Pokus","localZoneid":"America\/Chicago","cdate":"2020-07-13T22:14:26-05:00","udate":"2020-07-13T22:14:26-05:00","links":{"lists":"https:\/\/camplify1589433994.api-us1.com\/api\/3\/users\/23\/lists","userGroup":"https:\/\/camplify1589433994.api-us1.com\/api\/3\/users\/23\/userGroup","dealGroupTotals":"https:\/\/camplify1589433994.api-us1.com\/api\/3\/users\/23\/dealGroupTotals","dealGroupUsers":"https:\/\/camplify1589433994.api-us1.com\/api\/3\/users\/23\/dealGroupUsers","configs":"https:\/\/camplify1589433994.api-us1.com\/api\/3\/users\/23\/configs","dealConnection":"https:\/\/camplify1589433994.api-us1.com\/api\/3\/users\/23\/dealConnection","userConversationsPermission":"https:\/\/camplify1589433994.api-us1.com\/api\/3\/users\/23\/userConversationsPermission","seatUser":"https:\/\/camplify1589433994.api-us1.com\/api\/3\/users\/23\/seatUser"},"id":"23"}}'
    http_version: null
  recorded_at: Tue, 14 Jul 2020 03:14:26 GMT
- request:
    method: get
    uri: "<API_ENDPOINT>/users/23"
    body:
      encoding: US-ASCII
      string: ''
    headers:
      User-Agent:
      - ActiveCampaign Ruby Client (v3.0.0)
      Accept:
      - application/json
      Content-Type:
      - application/json
      Api-Token:
      - "<API_KEY>"
      Accept-Encoding:
      - gzip;q=1.0,deflate;q=0.6,identity;q=0.3
  response:
    status:
      code: 200
      message: OK
    headers:
      Date:
      - Tue, 14 Jul 2020 03:14:27 GMT
      Content-Type:
      - application/json
      Transfer-Encoding:
      - chunked
      Connection:
      - keep-alive
      Set-Cookie:
      - PHPSESSID=87cac9c27d42c2c566ba700ddc6f0465; path=/; HttpOnly
      - __cfduid=db49dc980670d3ad313de054138c32bec1594696467; expires=Thu, 13-Aug-20
        03:14:27 GMT; path=/; domain=.api-us1.com; HttpOnly; SameSite=Lax
      - em_acp_globalauth_cookie=7ee5f689-c440-4389-8bcc-2224c9c7b421; path=/; domain=.camplify1589433994.api-us1.com;
        secure; httponly
      - em_acp_globalauth_cookie=deleted; expires=Thu, 01-Jan-1970 00:00:01 GMT; Max-Age=0;
        path=/; domain=.camplify1589433994.api-us1.com
      - em_acp_globalauth_cookie=deleted; expires=Thu, 01-Jan-1970 00:00:01 GMT; Max-Age=0;
        path=/; domain=.camplify1589433994.api-us1.com
      Cache-Control:
      - no-store, no-cache, must-revalidate
      Expires:
      - Thu, 19 Nov 1981 08:52:00 GMT
      Pragma:
      - no-cache
      X-Envoy-Upstream-Service-Time:
      - '75'
      X-Request-Id:
      - 9bf7e477-176e-4046-86d8-44fe7005dc98
      Cf-Cache-Status:
      - DYNAMIC
      Cf-Request-Id:
      - 03ecea1a4b000016c5edbfb200000001
      Expect-Ct:
      - max-age=604800, report-uri="https://report-uri.cloudflare.com/cdn-cgi/beacon/expect-ct"
      Server:
      - cloudflare
      Cf-Ray:
      - 5b2812d6ddfe16c5-SYD
    body:
      encoding: ASCII-8BIT
      string: '{"user":{"username":"hokus","firstName":"Hokus","lastName":"Pokus","email":"hokus@pokus.de","phone":"","signature":null,"localZoneid":"America\/Chicago","password_updated_utc_timestamp":null,"cdate":"2020-07-13T22:14:26-05:00","udate":"2020-07-13T22:14:26-05:00","mfaEnabled":"0","links":{"lists":"https:\/\/camplify1589433994.api-us1.com\/api\/3\/users\/23\/lists","userGroup":"https:\/\/camplify1589433994.api-us1.com\/api\/3\/users\/23\/userGroup","dealGroupTotals":"https:\/\/camplify1589433994.api-us1.com\/api\/3\/users\/23\/dealGroupTotals","dealGroupUsers":"https:\/\/camplify1589433994.api-us1.com\/api\/3\/users\/23\/dealGroupUsers","configs":"https:\/\/camplify1589433994.api-us1.com\/api\/3\/users\/23\/configs","dealConnection":"https:\/\/camplify1589433994.api-us1.com\/api\/3\/users\/23\/dealConnection","userConversationsPermission":"https:\/\/camplify1589433994.api-us1.com\/api\/3\/users\/23\/userConversationsPermission","seatUser":"https:\/\/camplify1589433994.api-us1.com\/api\/3\/users\/23\/seatUser"},"id":"23"}}'
    http_version: null
  recorded_at: Tue, 14 Jul 2020 03:14:27 GMT
- request:
    method: delete
    uri: "<API_ENDPOINT>/users/23"
    body:
      encoding: US-ASCII
      string: ''
    headers:
      User-Agent:
      - ActiveCampaign Ruby Client (v3.0.0)
      Accept:
      - application/json
      Content-Type:
      - application/json
      Api-Token:
      - "<API_KEY>"
      Accept-Encoding:
      - gzip;q=1.0,deflate;q=0.6,identity;q=0.3
  response:
    status:
      code: 200
      message: OK
    headers:
      Date:
      - Tue, 14 Jul 2020 03:14:28 GMT
      Content-Type:
      - application/json
      Content-Length:
      - '2'
      Connection:
      - keep-alive
      Set-Cookie:
      - PHPSESSID=a82266360f638622fc8634dacf5f4188; path=/; HttpOnly
      - __cfduid=d1e3d2b14430c18f0ed300ef91b4c25a21594696467; expires=Thu, 13-Aug-20
        03:14:27 GMT; path=/; domain=.api-us1.com; HttpOnly; SameSite=Lax
      - em_acp_globalauth_cookie=deleted; expires=Thu, 01-Jan-1970 00:00:01 GMT; Max-Age=0;
        path=/; domain=.camplify1589433994.api-us1.com
      - em_acp_globalauth_cookie=deleted; expires=Thu, 01-Jan-1970 00:00:01 GMT; Max-Age=0;
        path=/; domain=.camplify1589433994.api-us1.com
      - em_acp_globalauth_cookie=e76247f9-6d50-4a46-8eed-6238e93772c8; path=/; domain=.camplify1589433994.api-us1.com;
        secure; httponly
      Cache-Control:
      - no-store, no-cache, must-revalidate
      Expires:
      - Thu, 19 Nov 1981 08:52:00 GMT
      Pragma:
      - no-cache
      X-Envoy-Upstream-Service-Time:
      - '476'
      X-Request-Id:
      - 71a74fca-c2ba-4b4c-81de-c95a8eb88d9d
      Accept-Ranges:
      - bytes
      Cf-Cache-Status:
      - DYNAMIC
      Cf-Request-Id:
      - 03ecea1bb1000016b9ce2e5200000001
      Expect-Ct:
      - max-age=604800, report-uri="https://report-uri.cloudflare.com/cdn-cgi/beacon/expect-ct"
      Server:
      - cloudflare
      Cf-Ray:
      - 5b2812d9194816b9-SYD
    body:
      encoding: UTF-8
      string: "{}"
    http_version: null
  recorded_at: Tue, 14 Jul 2020 03:14:28 GMT
- request:
    method: delete
    uri: "<API_ENDPOINT>/groups/29"
    body:
      encoding: US-ASCII
      string: ''
    headers:
      User-Agent:
      - ActiveCampaign Ruby Client (v3.0.0)
      Accept:
      - application/json
      Content-Type:
      - application/json
      Api-Token:
      - "<API_KEY>"
      Accept-Encoding:
      - gzip;q=1.0,deflate;q=0.6,identity;q=0.3
  response:
    status:
      code: 200
      message: OK
    headers:
      Date:
      - Tue, 14 Jul 2020 03:14:28 GMT
      Content-Type:
      - application/json
      Content-Length:
      - '2'
      Connection:
      - keep-alive
      Set-Cookie:
      - PHPSESSID=4748d488d52b4be3dba9173201ddcac8; path=/; HttpOnly
      - __cfduid=d201f6fe5b554f7ef9d47ec411336321f1594696468; expires=Thu, 13-Aug-20
        03:14:28 GMT; path=/; domain=.api-us1.com; HttpOnly; SameSite=Lax
      - em_acp_globalauth_cookie=43cb7921-8858-4087-a9bb-dfdf0d6209cc; path=/; domain=.camplify1589433994.api-us1.com;
        secure; httponly
      - em_acp_globalauth_cookie=deleted; expires=Thu, 01-Jan-1970 00:00:01 GMT; Max-Age=0;
        path=/; domain=.camplify1589433994.api-us1.com
      - em_acp_globalauth_cookie=deleted; expires=Thu, 01-Jan-1970 00:00:01 GMT; Max-Age=0;
        path=/; domain=.camplify1589433994.api-us1.com
      Cache-Control:
      - no-store, no-cache, must-revalidate
      Expires:
      - Thu, 19 Nov 1981 08:52:00 GMT
      Pragma:
      - no-cache
      X-Envoy-Upstream-Service-Time:
      - '84'
      X-Request-Id:
      - debb17cd-a95a-4642-bf5e-e30eca2f545a
      Accept-Ranges:
      - bytes
      Cf-Cache-Status:
      - DYNAMIC
      Cf-Request-Id:
      - 03ecea1e9c000016b9cebb5200000001
      Expect-Ct:
      - max-age=604800, report-uri="https://report-uri.cloudflare.com/cdn-cgi/beacon/expect-ct"
      Server:
      - cloudflare
      Cf-Ray:
      - 5b2812ddc97c16b9-SYD
    body:
      encoding: UTF-8
      string: "{}"
    http_version: null
  recorded_at: Tue, 14 Jul 2020 03:14:28 GMT
recorded_with: VCR 5.1.0
