---
http_interactions:
- request:
    method: post
    uri: "<API_ENDPOINT>/contacts"
    body:
      encoding: UTF-8
      string: '{"contact":{"email":"mikael@mhenrixon.com","firstName":"Mikael","lastName":"Henriksson","phone":"+491735728523"}}'
    headers:
      User-Agent:
      - ActiveCampaign Ruby Client (v3.0.0)
      Accept:
      - application/json
      Content-Type:
      - application/json
      Api-Token:
      - "<API_KEY>"
      Accept-Encoding:
      - gzip;q=1.0,deflate;q=0.6,identity;q=0.3
  response:
    status:
      code: 201
      message: Created
    headers:
      Date:
      - Mon, 01 Jun 2020 05:25:51 GMT
      Content-Type:
      - application/json
      Content-Length:
      - '1973'
      Connection:
      - keep-alive
      Set-Cookie:
      - PHPSESSID=c7ab73e3042dabaf48d040c91147427f; path=/; HttpOnly
      - __cfduid=da528cde42dc4ae01364cf9e04dc6e88a1590989150; expires=Wed, 01-Jul-20
        05:25:50 GMT; path=/; domain=.api-us1.com; HttpOnly; SameSite=Lax
      - em_acp_globalauth_cookie=90211908-0d53-452b-a240-38e5ad882ac2; path=/; domain=.camplify1589433994.api-us1.com;
        secure; httponly
      - em_acp_globalauth_cookie=deleted; expires=Thu, 01-Jan-1970 00:00:01 GMT; Max-Age=0;
        path=/; domain=.camplify1589433994.api-us1.com
      - em_acp_globalauth_cookie=deleted; expires=Thu, 01-Jan-1970 00:00:01 GMT; Max-Age=0;
        path=/; domain=.camplify1589433994.api-us1.com
      Access-Control-Allow-Headers:
      - Content-Type, origin, x-requested-with
      Access-Control-Allow-Methods:
      - POST, GET
      Access-Control-Allow-Origin:
      - "*"
      Cache-Control:
      - no-store, no-cache, must-revalidate
      Expires:
      - Thu, 19 Nov 1981 08:52:00 GMT
      Pragma:
      - no-cache
      X-Content-Type-Options:
      - nosniff
      X-Envoy-Upstream-Service-Time:
      - '155'
      X-Request-Id:
      - 44237777-3d3c-447e-9526-690e2bd05235
      Cf-Cache-Status:
      - DYNAMIC
      Cf-Request-Id:
      - 030ff0ef6c0000fd564b344200000001
      Expect-Ct:
      - max-age=604800, report-uri="https://report-uri.cloudflare.com/cdn-cgi/beacon/expect-ct"
      Server:
      - cloudflare
      Cf-Ray:
      - 59c6842bebbefd56-SYD
    body:
      encoding: UTF-8
      string: '{"contact":{"email":"mikael@mhenrixon.com","phone":"+491735728523","firstName":"Mikael","lastName":"Henriksson","cdate":"2020-06-01T00:25:50-05:00","udate":"2020-06-01T00:25:50-05:00","orgid":"","orgname":"","links":{"bounceLogs":"https:\/\/camplify1589433994.api-us1.com\/api\/3\/contacts\/104\/bounceLogs","contactAutomations":"https:\/\/camplify1589433994.api-us1.com\/api\/3\/contacts\/104\/contactAutomations?limit=1000&orders%5Blastdate%5D=DESC","contactData":"https:\/\/camplify1589433994.api-us1.com\/api\/3\/contacts\/104\/contactData","contactGoals":"https:\/\/camplify1589433994.api-us1.com\/api\/3\/contacts\/104\/contactGoals","contactLists":"https:\/\/camplify1589433994.api-us1.com\/api\/3\/contacts\/104\/contactLists","contactLogs":"https:\/\/camplify1589433994.api-us1.com\/api\/3\/contacts\/104\/contactLogs","contactTags":"https:\/\/camplify1589433994.api-us1.com\/api\/3\/contacts\/104\/contactTags","contactDeals":"https:\/\/camplify1589433994.api-us1.com\/api\/3\/contacts\/104\/contactDeals","deals":"https:\/\/camplify1589433994.api-us1.com\/api\/3\/contacts\/104\/deals","fieldValues":"https:\/\/camplify1589433994.api-us1.com\/api\/3\/contacts\/104\/fieldValues","geoIps":"https:\/\/camplify1589433994.api-us1.com\/api\/3\/contacts\/104\/geoIps","notes":"https:\/\/camplify1589433994.api-us1.com\/api\/3\/contacts\/104\/notes","organization":"https:\/\/camplify1589433994.api-us1.com\/api\/3\/contacts\/104\/organization","plusAppend":"https:\/\/camplify1589433994.api-us1.com\/api\/3\/contacts\/104\/plusAppend","trackingLogs":"https:\/\/camplify1589433994.api-us1.com\/api\/3\/contacts\/104\/trackingLogs","scoreValues":"https:\/\/camplify1589433994.api-us1.com\/api\/3\/contacts\/104\/scoreValues","accountContacts":"https:\/\/camplify1589433994.api-us1.com\/api\/3\/contacts\/104\/accountContacts","automationEntryCounts":"https:\/\/camplify1589433994.api-us1.com\/api\/3\/contacts\/104\/automationEntryCounts"},"id":"104","organization":""}}'
    http_version: null
  recorded_at: Mon, 01 Jun 2020 05:25:51 GMT
- request:
    method: post
    uri: "<API_ENDPOINT>/fields"
    body:
      encoding: UTF-8
      string: '{"field":{"title":"Custom text","type":"text","descript":"A custom
        text field","isrequired":"0","perstag":"perstag","defval":"Default value","visible":"1","ordernum":"2"}}'
    headers:
      User-Agent:
      - ActiveCampaign Ruby Client (v3.0.0)
      Accept:
      - application/json
      Content-Type:
      - application/json
      Api-Token:
      - "<API_KEY>"
      Accept-Encoding:
      - gzip;q=1.0,deflate;q=0.6,identity;q=0.3
  response:
    status:
      code: 201
      message: Created
    headers:
      Date:
      - Mon, 01 Jun 2020 05:25:51 GMT
      Content-Type:
      - application/json
      Content-Length:
      - '429'
      Connection:
      - keep-alive
      Set-Cookie:
      - PHPSESSID=219bffd8aa688cebfcac94f492cadeec; path=/; HttpOnly
      - __cfduid=dd8c50b23021807f20114bfdb000bb3461590989151; expires=Wed, 01-Jul-20
        05:25:51 GMT; path=/; domain=.api-us1.com; HttpOnly; SameSite=Lax
      - em_acp_globalauth_cookie=1f22d722-621e-4d18-bb6e-70e42eb7c4ab; path=/; domain=.camplify1589433994.api-us1.com;
        secure; httponly
      - em_acp_globalauth_cookie=deleted; expires=Thu, 01-Jan-1970 00:00:01 GMT; Max-Age=0;
        path=/; domain=.camplify1589433994.api-us1.com
      - em_acp_globalauth_cookie=deleted; expires=Thu, 01-Jan-1970 00:00:01 GMT; Max-Age=0;
        path=/; domain=.camplify1589433994.api-us1.com
      Cache-Control:
      - no-store, no-cache, must-revalidate
      Expires:
      - Thu, 19 Nov 1981 08:52:00 GMT
      Pragma:
      - no-cache
      X-Envoy-Upstream-Service-Time:
      - '264'
      X-Request-Id:
      - 5920eba9-e98f-411e-8616-262c025e4a9c
      Cf-Cache-Status:
      - DYNAMIC
      Cf-Request-Id:
      - 030ff0f3bb0000fd3e75a62200000001
      Expect-Ct:
      - max-age=604800, report-uri="https://report-uri.cloudflare.com/cdn-cgi/beacon/expect-ct"
      Server:
      - cloudflare
      Cf-Ray:
      - 59c68432cbd8fd3e-SYD
    body:
      encoding: UTF-8
      string: '{"field":{"type":"text","title":"Custom text","descript":"A custom
        text field","isrequired":"0","perstag":"PERSTAG","defval":"Default value","visible":"1","ordernum":1,"cdate":"2020-06-01T00:25:51-05:00","udate":"2020-06-01T00:25:51-05:00","links":{"options":"https:\/\/camplify1589433994.api-us1.com\/api\/3\/fields\/16\/options","relations":"https:\/\/camplify1589433994.api-us1.com\/api\/3\/fields\/16\/relations"},"id":"16"}}'
    http_version: null
  recorded_at: Mon, 01 Jun 2020 05:25:51 GMT
- request:
    method: post
    uri: "<API_ENDPOINT>/fieldValues"
    body:
      encoding: UTF-8
      string: '{"fieldValue":{"contact":"104","field":"16","value":"Text field value"}}'
    headers:
      User-Agent:
      - ActiveCampaign Ruby Client (v3.0.0)
      Accept:
      - application/json
      Content-Type:
      - application/json
      Api-Token:
      - "<API_KEY>"
      Accept-Encoding:
      - gzip;q=1.0,deflate;q=0.6,identity;q=0.3
  response:
    status:
      code: 201
      message: Created
    headers:
      Date:
      - Mon, 01 Jun 2020 05:25:52 GMT
      Content-Type:
      - application/json
      Content-Length:
      - '2874'
      Connection:
      - keep-alive
      Set-Cookie:
      - PHPSESSID=55c92f1d47a263ddf41371f645e38d59; path=/; HttpOnly
      - __cfduid=ddd783a135135d4d2500b7a9e79adefd81590989151; expires=Wed, 01-Jul-20
        05:25:51 GMT; path=/; domain=.api-us1.com; HttpOnly; SameSite=Lax
      - em_acp_globalauth_cookie=2a1b50c9-d3ff-417d-8031-61369c0a20f6; path=/; domain=.camplify1589433994.api-us1.com;
        secure; httponly
      - em_acp_globalauth_cookie=deleted; expires=Thu, 01-Jan-1970 00:00:01 GMT; Max-Age=0;
        path=/; domain=.camplify1589433994.api-us1.com
      - em_acp_globalauth_cookie=deleted; expires=Thu, 01-Jan-1970 00:00:01 GMT; Max-Age=0;
        path=/; domain=.camplify1589433994.api-us1.com
      Cache-Control:
      - no-store, no-cache, must-revalidate
      Expires:
      - Thu, 19 Nov 1981 08:52:00 GMT
      Pragma:
      - no-cache
      X-Envoy-Upstream-Service-Time:
      - '88'
      X-Request-Id:
      - cf55405a-7155-4905-87d4-213482eca658
      Cf-Cache-Status:
      - DYNAMIC
      Cf-Request-Id:
      - 030ff0f5ca0000fd32fca75200000001
      Expect-Ct:
      - max-age=604800, report-uri="https://report-uri.cloudflare.com/cdn-cgi/beacon/expect-ct"
      Server:
      - cloudflare
      Cf-Ray:
      - 59c684361fcdfd32-SYD
    body:
      encoding: UTF-8
      string: '{"contacts":[{"cdate":"2020-06-01T00:25:50-05:00","email":"mikael@mhenrixon.com","phone":"+491735728523","firstName":"Mikael","lastName":"Henriksson","orgid":"0","orgname":"","segmentio_id":"","bounced_hard":"0","bounced_soft":"0","bounced_date":null,"ip":"0","ua":null,"hash":"23c0126f7bbc1159583a42c3bf07a4b6","socialdata_lastcheck":null,"email_local":"","email_domain":"","sentcnt":"0","rating_tstamp":null,"gravatar":"0","deleted":"0","anonymized":"0","adate":null,"udate":"2020-06-01T00:25:51-05:00","edate":null,"deleted_at":null,"created_utc_timestamp":"2020-06-01
        00:25:50","updated_utc_timestamp":"2020-06-01 00:25:51","created_timestamp":"2020-06-01
        00:25:50","updated_timestamp":"2020-06-01 00:25:51","created_by":null,"updated_by":null,"email_empty":"0","links":{"bounceLogs":"https:\/\/camplify1589433994.api-us1.com\/api\/3\/contacts\/104\/bounceLogs","contactAutomations":"https:\/\/camplify1589433994.api-us1.com\/api\/3\/contacts\/104\/contactAutomations?limit=1000&orders%5Blastdate%5D=DESC","contactData":"https:\/\/camplify1589433994.api-us1.com\/api\/3\/contacts\/104\/contactData","contactGoals":"https:\/\/camplify1589433994.api-us1.com\/api\/3\/contacts\/104\/contactGoals","contactLists":"https:\/\/camplify1589433994.api-us1.com\/api\/3\/contacts\/104\/contactLists","contactLogs":"https:\/\/camplify1589433994.api-us1.com\/api\/3\/contacts\/104\/contactLogs","contactTags":"https:\/\/camplify1589433994.api-us1.com\/api\/3\/contacts\/104\/contactTags","contactDeals":"https:\/\/camplify1589433994.api-us1.com\/api\/3\/contacts\/104\/contactDeals","deals":"https:\/\/camplify1589433994.api-us1.com\/api\/3\/contacts\/104\/deals","fieldValues":"https:\/\/camplify1589433994.api-us1.com\/api\/3\/contacts\/104\/fieldValues","geoIps":"https:\/\/camplify1589433994.api-us1.com\/api\/3\/contacts\/104\/geoIps","notes":"https:\/\/camplify1589433994.api-us1.com\/api\/3\/contacts\/104\/notes","organization":"https:\/\/camplify1589433994.api-us1.com\/api\/3\/contacts\/104\/organization","plusAppend":"https:\/\/camplify1589433994.api-us1.com\/api\/3\/contacts\/104\/plusAppend","trackingLogs":"https:\/\/camplify1589433994.api-us1.com\/api\/3\/contacts\/104\/trackingLogs","scoreValues":"https:\/\/camplify1589433994.api-us1.com\/api\/3\/contacts\/104\/scoreValues","accountContacts":"https:\/\/camplify1589433994.api-us1.com\/api\/3\/contacts\/104\/accountContacts","automationEntryCounts":"https:\/\/camplify1589433994.api-us1.com\/api\/3\/contacts\/104\/automationEntryCounts"},"id":"104","organization":null}],"fieldValue":{"contact":"104","field":"16","value":"Text
        field value","cdate":"2020-06-01T00:25:51-05:00","udate":"2020-06-01T00:25:51-05:00","links":{"owner":"https:\/\/camplify1589433994.api-us1.com\/api\/3\/fieldValues\/4\/owner","field":"https:\/\/camplify1589433994.api-us1.com\/api\/3\/fieldValues\/4\/field"},"owner":"104","id":"4"}}'
    http_version: null
  recorded_at: Mon, 01 Jun 2020 05:25:51 GMT
- request:
    method: get
    uri: "<API_ENDPOINT>/fieldValues?filters%5Bfieldid%5D=16"
    body:
      encoding: US-ASCII
      string: ''
    headers:
      User-Agent:
      - ActiveCampaign Ruby Client (v3.0.0)
      Accept:
      - application/json
      Content-Type:
      - application/json
      Api-Token:
      - "<API_KEY>"
      Accept-Encoding:
      - gzip;q=1.0,deflate;q=0.6,identity;q=0.3
  response:
    status:
      code: 200
      message: OK
    headers:
      Date:
      - Mon, 01 Jun 2020 05:25:52 GMT
      Content-Type:
      - application/json
      Transfer-Encoding:
      - chunked
      Connection:
      - keep-alive
      Set-Cookie:
      - PHPSESSID=2866afce1cb469c4c4f34cb5fd7edeeb; path=/; HttpOnly
      - __cfduid=db38a8c730cd047d488550bb3395298d11590989152; expires=Wed, 01-Jul-20
        05:25:52 GMT; path=/; domain=.api-us1.com; HttpOnly; SameSite=Lax
      - em_acp_globalauth_cookie=81a785ea-9211-419c-ad94-4e679d7a6318; path=/; domain=.camplify1589433994.api-us1.com;
        secure; httponly
      - em_acp_globalauth_cookie=deleted; expires=Thu, 01-Jan-1970 00:00:01 GMT; Max-Age=0;
        path=/; domain=.camplify1589433994.api-us1.com
      - em_acp_globalauth_cookie=deleted; expires=Thu, 01-Jan-1970 00:00:01 GMT; Max-Age=0;
        path=/; domain=.camplify1589433994.api-us1.com
      Cache-Control:
      - no-store, no-cache, must-revalidate
      Expires:
      - Thu, 19 Nov 1981 08:52:00 GMT
      Pragma:
      - no-cache
      X-Envoy-Upstream-Service-Time:
      - '82'
      X-Request-Id:
      - a8c163a1-9dd6-47e6-bf90-49f481ccf57c
      Cf-Cache-Status:
      - DYNAMIC
      Cf-Request-Id:
      - 030ff0f72d0000fe6c48816200000001
      Expect-Ct:
      - max-age=604800, report-uri="https://report-uri.cloudflare.com/cdn-cgi/beacon/expect-ct"
      Server:
      - cloudflare
      Cf-Ray:
      - 59c684384a6afe6c-SYD
    body:
      encoding: ASCII-8BIT
      string: '{"fieldValues":[{"contact":"104","field":"16","value":"Text field value","cdate":"2020-06-01T00:25:51-05:00","udate":"2020-06-01T00:25:51-05:00","created_by":null,"updated_by":null,"links":{"owner":"https:\/\/camplify1589433994.api-us1.com\/api\/3\/fieldValues\/4\/owner","field":"https:\/\/camplify1589433994.api-us1.com\/api\/3\/fieldValues\/4\/field"},"id":"4","owner":"104"}],"meta":{"total":"1"}}'
    http_version: null
  recorded_at: Mon, 01 Jun 2020 05:25:52 GMT
- request:
    method: delete
    uri: "<API_ENDPOINT>/fieldValues/4"
    body:
      encoding: US-ASCII
      string: ''
    headers:
      User-Agent:
      - ActiveCampaign Ruby Client (v3.0.0)
      Accept:
      - application/json
      Content-Type:
      - application/json
      Api-Token:
      - "<API_KEY>"
      Accept-Encoding:
      - gzip;q=1.0,deflate;q=0.6,identity;q=0.3
  response:
    status:
      code: 200
      message: OK
    headers:
      Date:
      - Mon, 01 Jun 2020 05:25:53 GMT
      Content-Type:
      - application/json
      Content-Length:
      - '2'
      Connection:
      - keep-alive
      Set-Cookie:
      - PHPSESSID=be90837ad7bb686a1dd4cb85946df2ce; path=/; HttpOnly
      - __cfduid=d6f11697a4a21be1f18eb0aa6378e3d941590989152; expires=Wed, 01-Jul-20
        05:25:52 GMT; path=/; domain=.api-us1.com; HttpOnly; SameSite=Lax
      - em_acp_globalauth_cookie=bbcde895-11ec-4070-b138-b20b114f9e5a; path=/; domain=.camplify1589433994.api-us1.com;
        secure; httponly
      - em_acp_globalauth_cookie=deleted; expires=Thu, 01-Jan-1970 00:00:01 GMT; Max-Age=0;
        path=/; domain=.camplify1589433994.api-us1.com
      - em_acp_globalauth_cookie=deleted; expires=Thu, 01-Jan-1970 00:00:01 GMT; Max-Age=0;
        path=/; domain=.camplify1589433994.api-us1.com
      Cache-Control:
      - no-store, no-cache, must-revalidate
      Expires:
      - Thu, 19 Nov 1981 08:52:00 GMT
      Pragma:
      - no-cache
      X-Envoy-Upstream-Service-Time:
      - '93'
      X-Request-Id:
      - 7f9d8ccc-129a-4db5-b20c-4bb70aca49a3
      Cf-Cache-Status:
      - DYNAMIC
      Cf-Request-Id:
      - 030ff0f8840000fe78ba30a200000001
      Expect-Ct:
      - max-age=604800, report-uri="https://report-uri.cloudflare.com/cdn-cgi/beacon/expect-ct"
      Server:
      - cloudflare
      Cf-Ray:
      - 59c6843a6bb7fe78-SYD
    body:
      encoding: UTF-8
      string: "{}"
    http_version: null
  recorded_at: Mon, 01 Jun 2020 05:25:53 GMT
- request:
    method: delete
    uri: "<API_ENDPOINT>/fields/16"
    body:
      encoding: US-ASCII
      string: ''
    headers:
      User-Agent:
      - ActiveCampaign Ruby Client (v3.0.0)
      Accept:
      - application/json
      Content-Type:
      - application/json
      Api-Token:
      - "<API_KEY>"
      Accept-Encoding:
      - gzip;q=1.0,deflate;q=0.6,identity;q=0.3
  response:
    status:
      code: 200
      message: OK
    headers:
      Date:
      - Mon, 01 Jun 2020 05:25:53 GMT
      Content-Type:
      - application/json
      Content-Length:
      - '2'
      Connection:
      - keep-alive
      Set-Cookie:
      - PHPSESSID=94e0ad3a026413fac60dac535c7ac1dd; path=/; HttpOnly
      - __cfduid=d95e292be16fdd938b3da4b81c2f357801590989153; expires=Wed, 01-Jul-20
        05:25:53 GMT; path=/; domain=.api-us1.com; HttpOnly; SameSite=Lax
      - em_acp_globalauth_cookie=cd6ed382-bba9-4778-b9fe-4f221ffde351; path=/; domain=.camplify1589433994.api-us1.com;
        secure; httponly
      - em_acp_globalauth_cookie=deleted; expires=Thu, 01-Jan-1970 00:00:01 GMT; Max-Age=0;
        path=/; domain=.camplify1589433994.api-us1.com
      - em_acp_globalauth_cookie=deleted; expires=Thu, 01-Jan-1970 00:00:01 GMT; Max-Age=0;
        path=/; domain=.camplify1589433994.api-us1.com
      Cache-Control:
      - no-store, no-cache, must-revalidate
      Expires:
      - Thu, 19 Nov 1981 08:52:00 GMT
      Pragma:
      - no-cache
      X-Envoy-Upstream-Service-Time:
      - '185'
      X-Request-Id:
      - c5e3fd84-1c17-4b33-b057-82e31d0e6c17
      Accept-Ranges:
      - bytes
      Cf-Cache-Status:
      - DYNAMIC
      Cf-Request-Id:
      - 030ff0fc9c0000fd3ada921200000001
      Expect-Ct:
      - max-age=604800, report-uri="https://report-uri.cloudflare.com/cdn-cgi/beacon/expect-ct"
      Server:
      - cloudflare
      Cf-Ray:
      - 59c68440ffe3fd3a-SYD
    body:
      encoding: UTF-8
      string: "{}"
    http_version: null
  recorded_at: Mon, 01 Jun 2020 05:25:53 GMT
- request:
    method: delete
    uri: "<API_ENDPOINT>/contacts/104"
    body:
      encoding: US-ASCII
      string: ''
    headers:
      User-Agent:
      - ActiveCampaign Ruby Client (v3.0.0)
      Accept:
      - application/json
      Content-Type:
      - application/json
      Api-Token:
      - "<API_KEY>"
      Accept-Encoding:
      - gzip;q=1.0,deflate;q=0.6,identity;q=0.3
  response:
    status:
      code: 200
      message: OK
    headers:
      Date:
      - Mon, 01 Jun 2020 05:25:54 GMT
      Content-Type:
      - application/json
      Content-Length:
      - '2'
      Connection:
      - keep-alive
      Set-Cookie:
      - PHPSESSID=a9273042feef4b735fab77f226faa311; path=/; HttpOnly
      - __cfduid=da3c0742a6a393efa71083ecae6b1dcdf1590989154; expires=Wed, 01-Jul-20
        05:25:54 GMT; path=/; domain=.api-us1.com; HttpOnly; SameSite=Lax
      - em_acp_globalauth_cookie=3ebdefee-2cd1-4d77-9e1c-77505da414d0; path=/; domain=.camplify1589433994.api-us1.com;
        secure; httponly
      - em_acp_globalauth_cookie=deleted; expires=Thu, 01-Jan-1970 00:00:01 GMT; Max-Age=0;
        path=/; domain=.camplify1589433994.api-us1.com
      - em_acp_globalauth_cookie=deleted; expires=Thu, 01-Jan-1970 00:00:01 GMT; Max-Age=0;
        path=/; domain=.camplify1589433994.api-us1.com
      Cache-Control:
      - no-store, no-cache, must-revalidate
      Expires:
      - Thu, 19 Nov 1981 08:52:00 GMT
      Pragma:
      - no-cache
      X-Envoy-Upstream-Service-Time:
      - '136'
      X-Request-Id:
      - aaaec900-c55c-4d0a-8f05-73689f3e85a4
      Cf-Cache-Status:
      - DYNAMIC
      Cf-Request-Id:
      - 030ff0fe59000065ebea85f200000001
      Expect-Ct:
      - max-age=604800, report-uri="https://report-uri.cloudflare.com/cdn-cgi/beacon/expect-ct"
      Server:
      - cloudflare
      Cf-Ray:
      - 59c68443cc0165eb-SYD
    body:
      encoding: UTF-8
      string: "{}"
    http_version: null
  recorded_at: Mon, 01 Jun 2020 05:25:54 GMT
recorded_with: VCR 5.1.0
