---
http_interactions:
- request:
    method: post
    uri: "<API_ENDPOINT>/contacts"
    body:
      encoding: UTF-8
      string: '{"contact":{"email":"mikael@mhenrixon.com","firstName":"Mikael","lastName":"Henriksson","phone":"+491735728523"}}'
    headers:
      User-Agent:
      - ActiveCampaign Ruby Client (v3.0.0)
      Accept:
      - application/json
      Content-Type:
      - application/json
      Api-Token:
      - "<API_KEY>"
      Accept-Encoding:
      - gzip;q=1.0,deflate;q=0.6,identity;q=0.3
  response:
    status:
      code: 201
      message: Created
    headers:
      Date:
      - Tue, 14 Jul 2020 03:12:58 GMT
      Content-Type:
      - application/json
      Content-Length:
      - '2012'
      Connection:
      - keep-alive
      Set-Cookie:
      - PHPSESSID=dbab4c894a57d9c0e4a9a9239b4fc679; path=/; HttpOnly
      - __cfduid=d89a4b3317a5cb2ab12c407fbe9a27adb1594696378; expires=Thu, 13-Aug-20
        03:12:58 GMT; path=/; domain=.api-us1.com; HttpOnly; SameSite=Lax
      - em_acp_globalauth_cookie=68e2dfe5-44d6-45c1-b823-01a12ea27670; path=/; domain=.camplify1589433994.api-us1.com;
        secure; httponly
      - em_acp_globalauth_cookie=deleted; expires=Thu, 01-Jan-1970 00:00:01 GMT; Max-Age=0;
        path=/; domain=.camplify1589433994.api-us1.com
      - em_acp_globalauth_cookie=deleted; expires=Thu, 01-Jan-1970 00:00:01 GMT; Max-Age=0;
        path=/; domain=.camplify1589433994.api-us1.com
      Access-Control-Allow-Headers:
      - Content-Type, origin, x-requested-with
      Access-Control-Allow-Methods:
      - POST, GET
      Access-Control-Allow-Origin:
      - "*"
      Cache-Control:
      - no-store, no-cache, must-revalidate
      Expires:
      - Thu, 19 Nov 1981 08:52:00 GMT
      Pragma:
      - no-cache
      X-Content-Type-Options:
      - nosniff
      X-Envoy-Upstream-Service-Time:
      - '187'
      X-Request-Id:
      - 4ec91b88-98a3-4a00-b3d8-8deccbe65995
      Cf-Cache-Status:
      - DYNAMIC
      Cf-Request-Id:
      - 03ece8c0b80000fe740b127200000001
      Expect-Ct:
      - max-age=604800, report-uri="https://report-uri.cloudflare.com/cdn-cgi/beacon/expect-ct"
      Server:
      - cloudflare
      Cf-Ray:
      - 5b2810adfd2ffe74-SYD
    body:
      encoding: UTF-8
      string: '{"contact":{"email":"mikael@mhenrixon.com","phone":"+491735728523","firstName":"Mikael","lastName":"Henriksson","email_empty":false,"cdate":"2020-07-13T22:12:58-05:00","udate":"2020-07-13T22:12:58-05:00","orgid":"","orgname":"","links":{"bounceLogs":"https:\/\/camplify1589433994.api-us1.com\/api\/3\/contacts\/2938\/bounceLogs","contactAutomations":"https:\/\/camplify1589433994.api-us1.com\/api\/3\/contacts\/2938\/contactAutomations?limit=1000&orders%5Blastdate%5D=DESC","contactData":"https:\/\/camplify1589433994.api-us1.com\/api\/3\/contacts\/2938\/contactData","contactGoals":"https:\/\/camplify1589433994.api-us1.com\/api\/3\/contacts\/2938\/contactGoals","contactLists":"https:\/\/camplify1589433994.api-us1.com\/api\/3\/contacts\/2938\/contactLists","contactLogs":"https:\/\/camplify1589433994.api-us1.com\/api\/3\/contacts\/2938\/contactLogs","contactTags":"https:\/\/camplify1589433994.api-us1.com\/api\/3\/contacts\/2938\/contactTags","contactDeals":"https:\/\/camplify1589433994.api-us1.com\/api\/3\/contacts\/2938\/contactDeals","deals":"https:\/\/camplify1589433994.api-us1.com\/api\/3\/contacts\/2938\/deals","fieldValues":"https:\/\/camplify1589433994.api-us1.com\/api\/3\/contacts\/2938\/fieldValues","geoIps":"https:\/\/camplify1589433994.api-us1.com\/api\/3\/contacts\/2938\/geoIps","notes":"https:\/\/camplify1589433994.api-us1.com\/api\/3\/contacts\/2938\/notes","organization":"https:\/\/camplify1589433994.api-us1.com\/api\/3\/contacts\/2938\/organization","plusAppend":"https:\/\/camplify1589433994.api-us1.com\/api\/3\/contacts\/2938\/plusAppend","trackingLogs":"https:\/\/camplify1589433994.api-us1.com\/api\/3\/contacts\/2938\/trackingLogs","scoreValues":"https:\/\/camplify1589433994.api-us1.com\/api\/3\/contacts\/2938\/scoreValues","accountContacts":"https:\/\/camplify1589433994.api-us1.com\/api\/3\/contacts\/2938\/accountContacts","automationEntryCounts":"https:\/\/camplify1589433994.api-us1.com\/api\/3\/contacts\/2938\/automationEntryCounts"},"id":"2938","organization":""}}'
    http_version: null
  recorded_at: Tue, 14 Jul 2020 03:12:58 GMT
- request:
    method: post
    uri: "<API_ENDPOINT>/fields"
    body:
      encoding: UTF-8
      string: '{"field":{"title":"Custom text","type":"text","descript":"A custom
        text field","isrequired":"0","perstag":"perstag","defval":"Default value","visible":"1","ordernum":"2"}}'
    headers:
      User-Agent:
      - ActiveCampaign Ruby Client (v3.0.0)
      Accept:
      - application/json
      Content-Type:
      - application/json
      Api-Token:
      - "<API_KEY>"
      Accept-Encoding:
      - gzip;q=1.0,deflate;q=0.6,identity;q=0.3
  response:
    status:
      code: 201
      message: Created
    headers:
      Date:
      - Tue, 14 Jul 2020 03:12:59 GMT
      Content-Type:
      - application/json
      Content-Length:
      - '433'
      Connection:
      - keep-alive
      Set-Cookie:
      - PHPSESSID=3f1944913c3fbe3adfcd635efd9672fa; path=/; HttpOnly
      - __cfduid=d9fffb9400f9cbe87f201fcd8c3cdda581594696379; expires=Thu, 13-Aug-20
        03:12:59 GMT; path=/; domain=.api-us1.com; HttpOnly; SameSite=Lax
      - em_acp_globalauth_cookie=964df526-c9c4-4f3e-a3af-82359979685d; path=/; domain=.camplify1589433994.api-us1.com;
        secure; httponly
      - em_acp_globalauth_cookie=deleted; expires=Thu, 01-Jan-1970 00:00:01 GMT; Max-Age=0;
        path=/; domain=.camplify1589433994.api-us1.com
      - em_acp_globalauth_cookie=deleted; expires=Thu, 01-Jan-1970 00:00:01 GMT; Max-Age=0;
        path=/; domain=.camplify1589433994.api-us1.com
      Cache-Control:
      - no-store, no-cache, must-revalidate
      Expires:
      - Thu, 19 Nov 1981 08:52:00 GMT
      Pragma:
      - no-cache
      X-Envoy-Upstream-Service-Time:
      - '272'
      X-Request-Id:
      - b2aae6d9-306d-4858-a9c1-2582570beb43
      Cf-Cache-Status:
      - DYNAMIC
      Cf-Request-Id:
      - 03ece8c2870000fe6c5da5e200000001
      Expect-Ct:
      - max-age=604800, report-uri="https://report-uri.cloudflare.com/cdn-cgi/beacon/expect-ct"
      Server:
      - cloudflare
      Cf-Ray:
      - 5b2810b0de2efe6c-SYD
    body:
      encoding: UTF-8
      string: '{"field":{"type":"text","title":"Custom text","descript":"A custom
        text field","isrequired":"0","perstag":"PERSTAG","defval":"Default value","visible":"1","ordernum":17,"cdate":"2020-07-13T22:12:59-05:00","udate":"2020-07-13T22:12:59-05:00","links":{"options":"https:\/\/camplify1589433994.api-us1.com\/api\/3\/fields\/176\/options","relations":"https:\/\/camplify1589433994.api-us1.com\/api\/3\/fields\/176\/relations"},"id":"176"}}'
    http_version: null
  recorded_at: Tue, 14 Jul 2020 03:12:59 GMT
- request:
    method: post
    uri: "<API_ENDPOINT>/fieldValues"
    body:
      encoding: UTF-8
      string: '{"fieldValue":{"contact":"2938","field":"176","value":"Text field value"}}'
    headers:
      User-Agent:
      - ActiveCampaign Ruby Client (v3.0.0)
      Accept:
      - application/json
      Content-Type:
      - application/json
      Api-Token:
      - "<API_KEY>"
      Accept-Encoding:
      - gzip;q=1.0,deflate;q=0.6,identity;q=0.3
  response:
    status:
      code: 201
      message: Created
    headers:
      Date:
      - Tue, 14 Jul 2020 03:12:59 GMT
      Content-Type:
      - application/json
      Content-Length:
      - '2907'
      Connection:
      - keep-alive
      Set-Cookie:
      - PHPSESSID=0f12116e151c260f9e30f6d5398a7e90; path=/; HttpOnly
      - __cfduid=d9fffb9400f9cbe87f201fcd8c3cdda581594696379; expires=Thu, 13-Aug-20
        03:12:59 GMT; path=/; domain=.api-us1.com; HttpOnly; SameSite=Lax
      - em_acp_globalauth_cookie=5ab5b376-a34e-4b49-b3a9-527e07147e26; path=/; domain=.camplify1589433994.api-us1.com;
        secure; httponly
      - em_acp_globalauth_cookie=deleted; expires=Thu, 01-Jan-1970 00:00:01 GMT; Max-Age=0;
        path=/; domain=.camplify1589433994.api-us1.com
      - em_acp_globalauth_cookie=deleted; expires=Thu, 01-Jan-1970 00:00:01 GMT; Max-Age=0;
        path=/; domain=.camplify1589433994.api-us1.com
      Cache-Control:
      - no-store, no-cache, must-revalidate
      Expires:
      - Thu, 19 Nov 1981 08:52:00 GMT
      Pragma:
      - no-cache
      X-Envoy-Upstream-Service-Time:
      - '112'
      X-Request-Id:
      - 1a32f0cf-7599-40ab-84fe-ab4dbe0d61ac
      Cf-Cache-Status:
      - DYNAMIC
      Cf-Request-Id:
      - 03ece8c4ad0000fe6c5fa02200000001
      Expect-Ct:
      - max-age=604800, report-uri="https://report-uri.cloudflare.com/cdn-cgi/beacon/expect-ct"
      Server:
      - cloudflare
      Cf-Ray:
      - 5b2810b44b28fe6c-SYD
    body:
      encoding: UTF-8
      string: '{"contacts":[{"cdate":"2020-07-13T22:12:58-05:00","email":"mikael@mhenrixon.com","phone":"+491735728523","firstName":"Mikael","lastName":"Henriksson","orgid":"0","orgname":"","segmentio_id":"","bounced_hard":"0","bounced_soft":"0","bounced_date":null,"ip":"0","ua":null,"hash":"704e2dbcd169afc7493828a119dd6d6f","socialdata_lastcheck":null,"email_local":"","email_domain":"","sentcnt":"0","rating_tstamp":null,"gravatar":"0","deleted":"0","anonymized":"0","adate":null,"udate":"2020-07-13T22:12:59-05:00","edate":null,"deleted_at":null,"created_utc_timestamp":"2020-07-13
        22:12:58","updated_utc_timestamp":"2020-07-13 22:12:59","created_timestamp":"2020-07-13
        22:12:58","updated_timestamp":"2020-07-13 22:12:59","created_by":null,"updated_by":null,"email_empty":false,"links":{"bounceLogs":"https:\/\/camplify1589433994.api-us1.com\/api\/3\/contacts\/2938\/bounceLogs","contactAutomations":"https:\/\/camplify1589433994.api-us1.com\/api\/3\/contacts\/2938\/contactAutomations?limit=1000&orders%5Blastdate%5D=DESC","contactData":"https:\/\/camplify1589433994.api-us1.com\/api\/3\/contacts\/2938\/contactData","contactGoals":"https:\/\/camplify1589433994.api-us1.com\/api\/3\/contacts\/2938\/contactGoals","contactLists":"https:\/\/camplify1589433994.api-us1.com\/api\/3\/contacts\/2938\/contactLists","contactLogs":"https:\/\/camplify1589433994.api-us1.com\/api\/3\/contacts\/2938\/contactLogs","contactTags":"https:\/\/camplify1589433994.api-us1.com\/api\/3\/contacts\/2938\/contactTags","contactDeals":"https:\/\/camplify1589433994.api-us1.com\/api\/3\/contacts\/2938\/contactDeals","deals":"https:\/\/camplify1589433994.api-us1.com\/api\/3\/contacts\/2938\/deals","fieldValues":"https:\/\/camplify1589433994.api-us1.com\/api\/3\/contacts\/2938\/fieldValues","geoIps":"https:\/\/camplify1589433994.api-us1.com\/api\/3\/contacts\/2938\/geoIps","notes":"https:\/\/camplify1589433994.api-us1.com\/api\/3\/contacts\/2938\/notes","organization":"https:\/\/camplify1589433994.api-us1.com\/api\/3\/contacts\/2938\/organization","plusAppend":"https:\/\/camplify1589433994.api-us1.com\/api\/3\/contacts\/2938\/plusAppend","trackingLogs":"https:\/\/camplify1589433994.api-us1.com\/api\/3\/contacts\/2938\/trackingLogs","scoreValues":"https:\/\/camplify1589433994.api-us1.com\/api\/3\/contacts\/2938\/scoreValues","accountContacts":"https:\/\/camplify1589433994.api-us1.com\/api\/3\/contacts\/2938\/accountContacts","automationEntryCounts":"https:\/\/camplify1589433994.api-us1.com\/api\/3\/contacts\/2938\/automationEntryCounts"},"id":"2938","organization":null}],"fieldValue":{"contact":"2938","field":"176","value":"Text
        field value","cdate":"2020-07-13T22:12:59-05:00","udate":"2020-07-13T22:12:59-05:00","links":{"owner":"https:\/\/camplify1589433994.api-us1.com\/api\/3\/fieldValues\/8177\/owner","field":"https:\/\/camplify1589433994.api-us1.com\/api\/3\/fieldValues\/8177\/field"},"owner":"2938","id":"8177"}}'
    http_version: null
  recorded_at: Tue, 14 Jul 2020 03:12:59 GMT
- request:
    method: get
    uri: "<API_ENDPOINT>/fieldValues?filters%5Bfieldid%5D=176"
    body:
      encoding: US-ASCII
      string: ''
    headers:
      User-Agent:
      - ActiveCampaign Ruby Client (v3.0.0)
      Accept:
      - application/json
      Content-Type:
      - application/json
      Api-Token:
      - "<API_KEY>"
      Accept-Encoding:
      - gzip;q=1.0,deflate;q=0.6,identity;q=0.3
  response:
    status:
      code: 200
      message: OK
    headers:
      Date:
      - Tue, 14 Jul 2020 03:13:00 GMT
      Content-Type:
      - application/json
      Transfer-Encoding:
      - chunked
      Connection:
      - keep-alive
      Set-Cookie:
      - PHPSESSID=de09b7f7d3f05243aba34dd26e18bae8; path=/; HttpOnly
      - __cfduid=d64ed216907ab287dac19b7cf9406a2841594696379; expires=Thu, 13-Aug-20
        03:12:59 GMT; path=/; domain=.api-us1.com; HttpOnly; SameSite=Lax
      - em_acp_globalauth_cookie=9aef0d72-6a88-4dbd-9c73-4493edc30a56; path=/; domain=.camplify1589433994.api-us1.com;
        secure; httponly
      - em_acp_globalauth_cookie=deleted; expires=Thu, 01-Jan-1970 00:00:01 GMT; Max-Age=0;
        path=/; domain=.camplify1589433994.api-us1.com
      - em_acp_globalauth_cookie=deleted; expires=Thu, 01-Jan-1970 00:00:01 GMT; Max-Age=0;
        path=/; domain=.camplify1589433994.api-us1.com
      Cache-Control:
      - no-store, no-cache, must-revalidate
      Expires:
      - Thu, 19 Nov 1981 08:52:00 GMT
      Pragma:
      - no-cache
      X-Envoy-Upstream-Service-Time:
      - '88'
      X-Request-Id:
      - 9b8cfb87-078e-4977-9234-5ce5ba267518
      Cf-Cache-Status:
      - DYNAMIC
      Cf-Request-Id:
      - 03ece8c6330000fe6827309200000001
      Expect-Ct:
      - max-age=604800, report-uri="https://report-uri.cloudflare.com/cdn-cgi/beacon/expect-ct"
      Server:
      - cloudflare
      Cf-Ray:
      - 5b2810b6b8b2fe68-SYD
    body:
      encoding: ASCII-8BIT
      string: '{"fieldValues":[{"contact":"2938","field":"176","value":"Text field
        value","cdate":"2020-07-13T22:12:59-05:00","udate":"2020-07-13T22:12:59-05:00","created_by":null,"updated_by":null,"links":{"owner":"https:\/\/camplify1589433994.api-us1.com\/api\/3\/fieldValues\/8177\/owner","field":"https:\/\/camplify1589433994.api-us1.com\/api\/3\/fieldValues\/8177\/field"},"id":"8177","owner":"2938"}],"meta":{"total":"1"}}'
    http_version: null
  recorded_at: Tue, 14 Jul 2020 03:13:00 GMT
- request:
    method: delete
    uri: "<API_ENDPOINT>/fieldValues/8177"
    body:
      encoding: US-ASCII
      string: ''
    headers:
      User-Agent:
      - ActiveCampaign Ruby Client (v3.0.0)
      Accept:
      - application/json
      Content-Type:
      - application/json
      Api-Token:
      - "<API_KEY>"
      Accept-Encoding:
      - gzip;q=1.0,deflate;q=0.6,identity;q=0.3
  response:
    status:
      code: 200
      message: OK
    headers:
      Date:
      - Tue, 14 Jul 2020 03:13:00 GMT
      Content-Type:
      - application/json
      Content-Length:
      - '2'
      Connection:
      - keep-alive
      Set-Cookie:
      - PHPSESSID=0a6efc8946b5e2053fb3517fc16454a4; path=/; HttpOnly
      - __cfduid=dcafa2ac41af7114c1af2a7815121f6ff1594696380; expires=Thu, 13-Aug-20
        03:13:00 GMT; path=/; domain=.api-us1.com; HttpOnly; SameSite=Lax
      - em_acp_globalauth_cookie=93ec28e0-95e1-49e4-810e-5bd91c057923; path=/; domain=.camplify1589433994.api-us1.com;
        secure; httponly
      - em_acp_globalauth_cookie=deleted; expires=Thu, 01-Jan-1970 00:00:01 GMT; Max-Age=0;
        path=/; domain=.camplify1589433994.api-us1.com
      - em_acp_globalauth_cookie=deleted; expires=Thu, 01-Jan-1970 00:00:01 GMT; Max-Age=0;
        path=/; domain=.camplify1589433994.api-us1.com
      Cache-Control:
      - no-store, no-cache, must-revalidate
      Expires:
      - Thu, 19 Nov 1981 08:52:00 GMT
      Pragma:
      - no-cache
      X-Envoy-Upstream-Service-Time:
      - '90'
      X-Request-Id:
      - c658c88d-d669-4c71-810a-93abbd2a5308
      Accept-Ranges:
      - bytes
      Cf-Cache-Status:
      - DYNAMIC
      Cf-Request-Id:
      - 03ece8c7ac0000fd4e81360200000001
      Expect-Ct:
      - max-age=604800, report-uri="https://report-uri.cloudflare.com/cdn-cgi/beacon/expect-ct"
      Server:
      - cloudflare
      Cf-Ray:
      - 5b2810b91eb3fd4e-SYD
    body:
      encoding: UTF-8
      string: "{}"
    http_version: null
  recorded_at: Tue, 14 Jul 2020 03:13:00 GMT
- request:
    method: delete
    uri: "<API_ENDPOINT>/fields/176"
    body:
      encoding: US-ASCII
      string: ''
    headers:
      User-Agent:
      - ActiveCampaign Ruby Client (v3.0.0)
      Accept:
      - application/json
      Content-Type:
      - application/json
      Api-Token:
      - "<API_KEY>"
      Accept-Encoding:
      - gzip;q=1.0,deflate;q=0.6,identity;q=0.3
  response:
    status:
      code: 200
      message: OK
    headers:
      Date:
      - Tue, 14 Jul 2020 03:13:01 GMT
      Content-Type:
      - application/json
      Content-Length:
      - '2'
      Connection:
      - keep-alive
      Set-Cookie:
      - PHPSESSID=265f16c9744377f6cd46b68d6f0f391e; path=/; HttpOnly
      - __cfduid=d5c5dac036c332d0954ef15c2d92718731594696380; expires=Thu, 13-Aug-20
        03:13:00 GMT; path=/; domain=.api-us1.com; HttpOnly; SameSite=Lax
      - em_acp_globalauth_cookie=89ebd19f-2e63-4a7a-bc64-2f7e7ccadcbb; path=/; domain=.camplify1589433994.api-us1.com;
        secure; httponly
      - em_acp_globalauth_cookie=deleted; expires=Thu, 01-Jan-1970 00:00:01 GMT; Max-Age=0;
        path=/; domain=.camplify1589433994.api-us1.com
      - em_acp_globalauth_cookie=deleted; expires=Thu, 01-Jan-1970 00:00:01 GMT; Max-Age=0;
        path=/; domain=.camplify1589433994.api-us1.com
      Cache-Control:
      - no-store, no-cache, must-revalidate
      Expires:
      - Thu, 19 Nov 1981 08:52:00 GMT
      Pragma:
      - no-cache
      X-Envoy-Upstream-Service-Time:
      - '313'
      X-Request-Id:
      - ffcb0fa7-fc94-4f00-8e0c-9e739ad7ec74
      Accept-Ranges:
      - bytes
      Cf-Cache-Status:
      - DYNAMIC
      Cf-Request-Id:
      - 03ece8c910000016add4acf200000001
      Expect-Ct:
      - max-age=604800, report-uri="https://report-uri.cloudflare.com/cdn-cgi/beacon/expect-ct"
      Server:
      - cloudflare
      Cf-Ray:
      - 5b2810bb4e5e16ad-SYD
    body:
      encoding: UTF-8
      string: "{}"
    http_version: null
  recorded_at: Tue, 14 Jul 2020 03:13:01 GMT
- request:
    method: delete
    uri: "<API_ENDPOINT>/contacts/2938"
    body:
      encoding: US-ASCII
      string: ''
    headers:
      User-Agent:
      - ActiveCampaign Ruby Client (v3.0.0)
      Accept:
      - application/json
      Content-Type:
      - application/json
      Api-Token:
      - "<API_KEY>"
      Accept-Encoding:
      - gzip;q=1.0,deflate;q=0.6,identity;q=0.3
  response:
    status:
      code: 200
      message: OK
    headers:
      Date:
      - Tue, 14 Jul 2020 03:13:02 GMT
      Content-Type:
      - application/json
      Content-Length:
      - '2'
      Connection:
      - keep-alive
      Set-Cookie:
      - PHPSESSID=2f49165696c9c5913aba3c0cb0344c07; path=/; HttpOnly
      - __cfduid=decc8bfbc7d5ce0d02df868653f02298b1594696381; expires=Thu, 13-Aug-20
        03:13:01 GMT; path=/; domain=.api-us1.com; HttpOnly; SameSite=Lax
      - em_acp_globalauth_cookie=5cef9c9f-ad7d-45a8-943a-6aa028fc9a60; path=/; domain=.camplify1589433994.api-us1.com;
        secure; httponly
      - em_acp_globalauth_cookie=deleted; expires=Thu, 01-Jan-1970 00:00:01 GMT; Max-Age=0;
        path=/; domain=.camplify1589433994.api-us1.com
      - em_acp_globalauth_cookie=deleted; expires=Thu, 01-Jan-1970 00:00:01 GMT; Max-Age=0;
        path=/; domain=.camplify1589433994.api-us1.com
      Cache-Control:
      - no-store, no-cache, must-revalidate
      Expires:
      - Thu, 19 Nov 1981 08:52:00 GMT
      Pragma:
      - no-cache
      X-Envoy-Upstream-Service-Time:
      - '184'
      X-Request-Id:
      - 6468aea6-ec40-41b5-8881-6fee4a830195
      Cf-Cache-Status:
      - DYNAMIC
      Cf-Request-Id:
      - 03ece8ccff000016c9ff0e6200000001
      Expect-Ct:
      - max-age=604800, report-uri="https://report-uri.cloudflare.com/cdn-cgi/beacon/expect-ct"
      Server:
      - cloudflare
      Cf-Ray:
      - 5b2810c1989616c9-SYD
    body:
      encoding: UTF-8
      string: "{}"
    http_version: null
  recorded_at: Tue, 14 Jul 2020 03:13:02 GMT
recorded_with: VCR 5.1.0
