---
http_interactions:
- request:
    method: post
    uri: "<API_ENDPOINT>/contacts"
    body:
      encoding: UTF-8
      string: '{"contact":{"email":"mikael@mhenrixon.com","firstName":"Mikael","lastName":"Henriksson","phone":"+491735728523"}}'
    headers:
      User-Agent:
      - ActiveCampaign Ruby Client (v3.0.0)
      Accept:
      - application/json
      Content-Type:
      - application/json
      Api-Token:
      - "<API_KEY>"
      Accept-Encoding:
      - gzip;q=1.0,deflate;q=0.6,identity;q=0.3
  response:
    status:
      code: 201
      message: Created
    headers:
      Date:
      - Tue, 14 Jul 2020 03:10:59 GMT
      Content-Type:
      - application/json
      Content-Length:
      - '2012'
      Connection:
      - keep-alive
      Set-Cookie:
      - PHPSESSID=069bca4e528d9b3b18aaf2b3b957adb8; path=/; HttpOnly
      - __cfduid=d19a396e38d57ddae3dc8a824463046381594696258; expires=Thu, 13-Aug-20
        03:10:58 GMT; path=/; domain=.api-us1.com; HttpOnly; SameSite=Lax
      - em_acp_globalauth_cookie=deleted; expires=Thu, 01-Jan-1970 00:00:01 GMT; Max-Age=0;
        path=/; domain=.camplify1589433994.api-us1.com
      - em_acp_globalauth_cookie=deleted; expires=Thu, 01-Jan-1970 00:00:01 GMT; Max-Age=0;
        path=/; domain=.camplify1589433994.api-us1.com
      - em_acp_globalauth_cookie=f02e2116-1c64-4ff2-8809-21001b16fab0; path=/; domain=.camplify1589433994.api-us1.com;
        secure; httponly
      Access-Control-Allow-Headers:
      - Content-Type, origin, x-requested-with
      Access-Control-Allow-Methods:
      - POST, GET
      Access-Control-Allow-Origin:
      - "*"
      Cache-Control:
      - no-store, no-cache, must-revalidate
      Expires:
      - Thu, 19 Nov 1981 08:52:00 GMT
      Pragma:
      - no-cache
      X-Content-Type-Options:
      - nosniff
      X-Envoy-Upstream-Service-Time:
      - '166'
      X-Request-Id:
      - 4dbbf63f-31d3-40f5-8a71-75769fad5e50
      Cf-Cache-Status:
      - DYNAMIC
      Cf-Request-Id:
      - 03ece6ec840000fd3acd099200000001
      Expect-Ct:
      - max-age=604800, report-uri="https://report-uri.cloudflare.com/cdn-cgi/beacon/expect-ct"
      Server:
      - cloudflare
      Cf-Ray:
      - 5b280dc0d90afd3a-SYD
    body:
      encoding: UTF-8
      string: '{"contact":{"email":"mikael@mhenrixon.com","phone":"+491735728523","firstName":"Mikael","lastName":"Henriksson","email_empty":false,"cdate":"2020-07-13T22:10:58-05:00","udate":"2020-07-13T22:10:58-05:00","orgid":"","orgname":"","links":{"bounceLogs":"https:\/\/camplify1589433994.api-us1.com\/api\/3\/contacts\/2921\/bounceLogs","contactAutomations":"https:\/\/camplify1589433994.api-us1.com\/api\/3\/contacts\/2921\/contactAutomations?limit=1000&orders%5Blastdate%5D=DESC","contactData":"https:\/\/camplify1589433994.api-us1.com\/api\/3\/contacts\/2921\/contactData","contactGoals":"https:\/\/camplify1589433994.api-us1.com\/api\/3\/contacts\/2921\/contactGoals","contactLists":"https:\/\/camplify1589433994.api-us1.com\/api\/3\/contacts\/2921\/contactLists","contactLogs":"https:\/\/camplify1589433994.api-us1.com\/api\/3\/contacts\/2921\/contactLogs","contactTags":"https:\/\/camplify1589433994.api-us1.com\/api\/3\/contacts\/2921\/contactTags","contactDeals":"https:\/\/camplify1589433994.api-us1.com\/api\/3\/contacts\/2921\/contactDeals","deals":"https:\/\/camplify1589433994.api-us1.com\/api\/3\/contacts\/2921\/deals","fieldValues":"https:\/\/camplify1589433994.api-us1.com\/api\/3\/contacts\/2921\/fieldValues","geoIps":"https:\/\/camplify1589433994.api-us1.com\/api\/3\/contacts\/2921\/geoIps","notes":"https:\/\/camplify1589433994.api-us1.com\/api\/3\/contacts\/2921\/notes","organization":"https:\/\/camplify1589433994.api-us1.com\/api\/3\/contacts\/2921\/organization","plusAppend":"https:\/\/camplify1589433994.api-us1.com\/api\/3\/contacts\/2921\/plusAppend","trackingLogs":"https:\/\/camplify1589433994.api-us1.com\/api\/3\/contacts\/2921\/trackingLogs","scoreValues":"https:\/\/camplify1589433994.api-us1.com\/api\/3\/contacts\/2921\/scoreValues","accountContacts":"https:\/\/camplify1589433994.api-us1.com\/api\/3\/contacts\/2921\/accountContacts","automationEntryCounts":"https:\/\/camplify1589433994.api-us1.com\/api\/3\/contacts\/2921\/automationEntryCounts"},"id":"2921","organization":""}}'
    http_version: null
  recorded_at: Tue, 14 Jul 2020 03:10:59 GMT
- request:
    method: post
    uri: "<API_ENDPOINT>/contact/sync"
    body:
      encoding: UTF-8
      string: '{"contact":{"firstName":"Henrik","lastName":"Mikaelsson","email":"mikael@mhenrixon.com","phone":"+46730393204"}}'
    headers:
      User-Agent:
      - ActiveCampaign Ruby Client (v3.0.0)
      Accept:
      - application/json
      Content-Type:
      - application/json
      Api-Token:
      - "<API_KEY>"
      Accept-Encoding:
      - gzip;q=1.0,deflate;q=0.6,identity;q=0.3
  response:
    status:
      code: 200
      message: OK
    headers:
      Date:
      - Tue, 14 Jul 2020 03:10:59 GMT
      Content-Type:
      - application/json
      Transfer-Encoding:
      - chunked
      Connection:
      - keep-alive
      Set-Cookie:
      - PHPSESSID=bedccb315638bf837bbed12df7847fcf; path=/; HttpOnly
      - __cfduid=d1653ee1004a95a2263f50df0693fcc3b1594696259; expires=Thu, 13-Aug-20
        03:10:59 GMT; path=/; domain=.api-us1.com; HttpOnly; SameSite=Lax
      - em_acp_globalauth_cookie=deleted; expires=Thu, 01-Jan-1970 00:00:01 GMT; Max-Age=0;
        path=/; domain=.camplify1589433994.api-us1.com
      - em_acp_globalauth_cookie=deleted; expires=Thu, 01-Jan-1970 00:00:01 GMT; Max-Age=0;
        path=/; domain=.camplify1589433994.api-us1.com
      - em_acp_globalauth_cookie=ee1c77b6-9d7c-4e8d-b7ce-ca59fd1d7a6f; path=/; domain=.camplify1589433994.api-us1.com;
        secure; httponly
      Access-Control-Allow-Headers:
      - Content-Type, origin, x-requested-with
      Access-Control-Allow-Methods:
      - POST, GET
      Access-Control-Allow-Origin:
      - "*"
      Cache-Control:
      - no-store, no-cache, must-revalidate
      Expires:
      - Thu, 19 Nov 1981 08:52:00 GMT
      Pragma:
      - no-cache
      X-Content-Type-Options:
      - nosniff
      X-Envoy-Upstream-Service-Time:
      - '153'
      X-Request-Id:
      - 5a0600fb-dd2d-44e6-bde0-b0f01fbc372a
      Cf-Cache-Status:
      - DYNAMIC
      Cf-Request-Id:
      - 03ece6ee34000016adc80b9200000001
      Expect-Ct:
      - max-age=604800, report-uri="https://report-uri.cloudflare.com/cdn-cgi/beacon/expect-ct"
      Server:
      - cloudflare
      Cf-Ray:
      - 5b280dc38ca416ad-SYD
    body:
      encoding: ASCII-8BIT
      string: '{"contact":{"cdate":"2020-07-13T22:10:58-05:00","email":"mikael@mhenrixon.com","phone":"+46730393204","firstName":"Henrik","lastName":"Mikaelsson","orgid":"0","orgname":"","segmentio_id":"","bounced_hard":"0","bounced_soft":"0","bounced_date":null,"ip":"0","ua":null,"hash":"75ad7241bc9a4f6f140b219bd4cbfb6a","socialdata_lastcheck":null,"email_local":"","email_domain":"","sentcnt":"0","rating_tstamp":null,"gravatar":"0","deleted":"0","anonymized":"0","adate":null,"udate":"2020-07-13T22:10:59-05:00","edate":null,"deleted_at":null,"created_utc_timestamp":"2020-07-13
        22:10:58","updated_utc_timestamp":"2020-07-13 22:10:58","created_timestamp":"2020-07-13
        22:10:58","updated_timestamp":"2020-07-13 22:10:58","created_by":null,"updated_by":null,"email_empty":false,"links":{"bounceLogs":"https:\/\/camplify1589433994.api-us1.com\/api\/3\/contacts\/2921\/bounceLogs","contactAutomations":"https:\/\/camplify1589433994.api-us1.com\/api\/3\/contacts\/2921\/contactAutomations?limit=1000&orders%5Blastdate%5D=DESC","contactData":"https:\/\/camplify1589433994.api-us1.com\/api\/3\/contacts\/2921\/contactData","contactGoals":"https:\/\/camplify1589433994.api-us1.com\/api\/3\/contacts\/2921\/contactGoals","contactLists":"https:\/\/camplify1589433994.api-us1.com\/api\/3\/contacts\/2921\/contactLists","contactLogs":"https:\/\/camplify1589433994.api-us1.com\/api\/3\/contacts\/2921\/contactLogs","contactTags":"https:\/\/camplify1589433994.api-us1.com\/api\/3\/contacts\/2921\/contactTags","contactDeals":"https:\/\/camplify1589433994.api-us1.com\/api\/3\/contacts\/2921\/contactDeals","deals":"https:\/\/camplify1589433994.api-us1.com\/api\/3\/contacts\/2921\/deals","fieldValues":"https:\/\/camplify1589433994.api-us1.com\/api\/3\/contacts\/2921\/fieldValues","geoIps":"https:\/\/camplify1589433994.api-us1.com\/api\/3\/contacts\/2921\/geoIps","notes":"https:\/\/camplify1589433994.api-us1.com\/api\/3\/contacts\/2921\/notes","organization":"https:\/\/camplify1589433994.api-us1.com\/api\/3\/contacts\/2921\/organization","plusAppend":"https:\/\/camplify1589433994.api-us1.com\/api\/3\/contacts\/2921\/plusAppend","trackingLogs":"https:\/\/camplify1589433994.api-us1.com\/api\/3\/contacts\/2921\/trackingLogs","scoreValues":"https:\/\/camplify1589433994.api-us1.com\/api\/3\/contacts\/2921\/scoreValues","accountContacts":"https:\/\/camplify1589433994.api-us1.com\/api\/3\/contacts\/2921\/accountContacts","automationEntryCounts":"https:\/\/camplify1589433994.api-us1.com\/api\/3\/contacts\/2921\/automationEntryCounts"},"id":"2921","organization":null}}'
    http_version: null
  recorded_at: Tue, 14 Jul 2020 03:10:59 GMT
- request:
    method: delete
    uri: "<API_ENDPOINT>/contacts/2921"
    body:
      encoding: US-ASCII
      string: ''
    headers:
      User-Agent:
      - ActiveCampaign Ruby Client (v3.0.0)
      Accept:
      - application/json
      Content-Type:
      - application/json
      Api-Token:
      - "<API_KEY>"
      Accept-Encoding:
      - gzip;q=1.0,deflate;q=0.6,identity;q=0.3
  response:
    status:
      code: 200
      message: OK
    headers:
      Date:
      - Tue, 14 Jul 2020 03:10:59 GMT
      Content-Type:
      - application/json
      Content-Length:
      - '2'
      Connection:
      - keep-alive
      Set-Cookie:
      - PHPSESSID=f7f32df1b6294ef1ee3c653ece776843; path=/; HttpOnly
      - __cfduid=d89f2955ded62342efca84b961df3645b1594696259; expires=Thu, 13-Aug-20
        03:10:59 GMT; path=/; domain=.api-us1.com; HttpOnly; SameSite=Lax
      - em_acp_globalauth_cookie=bd6425e6-44d0-4bc1-a762-23aee505c781; path=/; domain=.camplify1589433994.api-us1.com;
        secure; httponly
      - em_acp_globalauth_cookie=deleted; expires=Thu, 01-Jan-1970 00:00:01 GMT; Max-Age=0;
        path=/; domain=.camplify1589433994.api-us1.com
      - em_acp_globalauth_cookie=deleted; expires=Thu, 01-Jan-1970 00:00:01 GMT; Max-Age=0;
        path=/; domain=.camplify1589433994.api-us1.com
      Cache-Control:
      - no-store, no-cache, must-revalidate
      Expires:
      - Thu, 19 Nov 1981 08:52:00 GMT
      Pragma:
      - no-cache
      X-Envoy-Upstream-Service-Time:
      - '195'
      X-Request-Id:
      - a9268a08-4b17-4c53-9c7c-67cdfc12f14e
      Accept-Ranges:
      - bytes
      Cf-Cache-Status:
      - DYNAMIC
      Cf-Request-Id:
      - 03ece6efd90000fd3e2a093200000001
      Expect-Ct:
      - max-age=604800, report-uri="https://report-uri.cloudflare.com/cdn-cgi/beacon/expect-ct"
      Server:
      - cloudflare
      Cf-Ray:
      - 5b280dc62f96fd3e-SYD
    body:
      encoding: UTF-8
      string: "{}"
    http_version: null
  recorded_at: Tue, 14 Jul 2020 03:10:59 GMT
recorded_with: VCR 5.1.0
