---
http_interactions:
- request:
    method: post
    uri: "<API_ENDPOINT>/groups"
    body:
      encoding: UTF-8
      string: '{"group":{"title":"Awesome","descript":"My really awesome group"}}'
    headers:
      User-Agent:
      - ActiveCampaign Ruby Client (v3.0.0)
      Accept:
      - application/json
      Content-Type:
      - application/json
      Api-Token:
      - "<API_KEY>"
      Accept-Encoding:
      - gzip;q=1.0,deflate;q=0.6,identity;q=0.3
  response:
    status:
      code: 201
      message: Created
    headers:
      Date:
      - Tue, 14 Jul 2020 03:14:38 GMT
      Content-Type:
      - application/json
      Content-Length:
      - '654'
      Connection:
      - keep-alive
      Set-Cookie:
      - PHPSESSID=c84bafede65ae7eb89a0e0f7955fc296; path=/; HttpOnly
      - __cfduid=d951b48be61bb098922daf092b391b0611594696478; expires=Thu, 13-Aug-20
        03:14:38 GMT; path=/; domain=.api-us1.com; HttpOnly; SameSite=Lax
      - em_acp_globalauth_cookie=98d5d84c-afe6-4582-894b-cc7888bd532f; path=/; domain=.camplify1589433994.api-us1.com;
        secure; httponly
      - em_acp_globalauth_cookie=deleted; expires=Thu, 01-Jan-1970 00:00:01 GMT; Max-Age=0;
        path=/; domain=.camplify1589433994.api-us1.com
      - em_acp_globalauth_cookie=deleted; expires=Thu, 01-Jan-1970 00:00:01 GMT; Max-Age=0;
        path=/; domain=.camplify1589433994.api-us1.com
      Cache-Control:
      - no-store, no-cache, must-revalidate
      Expires:
      - Thu, 19 Nov 1981 08:52:00 GMT
      Pragma:
      - no-cache
      X-Envoy-Upstream-Service-Time:
      - '88'
      X-Request-Id:
      - 8e2b160f-4746-4f84-b066-a9bcc1ef7be0
      Cf-Cache-Status:
      - DYNAMIC
      Cf-Request-Id:
      - 03ecea471e0000da563400c200000001
      Expect-Ct:
      - max-age=604800, report-uri="https://report-uri.cloudflare.com/cdn-cgi/beacon/expect-ct"
      Server:
      - cloudflare
      Cf-Ray:
      - 5b28131e9c96da56-SYD
    body:
      encoding: UTF-8
      string: '{"group":{"title":"Awesome","descript":"My really awesome group","p_admin":1,"links":{"userGroups":"https:\/\/camplify1589433994.api-us1.com\/api\/3\/groups\/34\/userGroups","groupLimit":"https:\/\/camplify1589433994.api-us1.com\/api\/3\/groups\/34\/groupLimit","dealGroupGroups":"https:\/\/camplify1589433994.api-us1.com\/api\/3\/groups\/34\/dealGroupGroups","listGroups":"https:\/\/camplify1589433994.api-us1.com\/api\/3\/groups\/34\/listGroups","addressGroups":"https:\/\/camplify1589433994.api-us1.com\/api\/3\/groups\/34\/addressGroups","automationGroups":"https:\/\/camplify1589433994.api-us1.com\/api\/3\/groups\/34\/automationGroups"},"id":"34"}}'
    http_version: null
  recorded_at: Tue, 14 Jul 2020 03:14:38 GMT
- request:
    method: post
    uri: "<API_ENDPOINT>/users"
    body:
      encoding: UTF-8
      string: '{"user":{"username":"hokus","email":"hokus@pokus.de","firstName":"Hokus","lastName":"Pokus","group":"34","password":"hokuspokus"}}'
    headers:
      User-Agent:
      - ActiveCampaign Ruby Client (v3.0.0)
      Accept:
      - application/json
      Content-Type:
      - application/json
      Api-Token:
      - "<API_KEY>"
      Accept-Encoding:
      - gzip;q=1.0,deflate;q=0.6,identity;q=0.3
  response:
    status:
      code: 201
      message: Created
    headers:
      Date:
      - Tue, 14 Jul 2020 03:14:40 GMT
      Content-Type:
      - application/json
      Content-Length:
      - '952'
      Connection:
      - keep-alive
      Set-Cookie:
      - PHPSESSID=252206dad6d2f0773ab61233d76766e7; path=/; HttpOnly
      - __cfduid=dad475f1b5535b33ab0945ff8c2587c9f1594696478; expires=Thu, 13-Aug-20
        03:14:38 GMT; path=/; domain=.api-us1.com; HttpOnly; SameSite=Lax
      - em_acp_globalauth_cookie=15da8db3-abc8-4f3c-8e2e-767cf3fe90e5; path=/; domain=.camplify1589433994.api-us1.com;
        secure; httponly
      - em_acp_globalauth_cookie=deleted; expires=Thu, 01-Jan-1970 00:00:01 GMT; Max-Age=0;
        path=/; domain=.camplify1589433994.api-us1.com
      - em_acp_globalauth_cookie=deleted; expires=Thu, 01-Jan-1970 00:00:01 GMT; Max-Age=0;
        path=/; domain=.camplify1589433994.api-us1.com
      Cache-Control:
      - no-store, no-cache, must-revalidate
      Expires:
      - Thu, 19 Nov 1981 08:52:00 GMT
      Pragma:
      - no-cache
      X-Envoy-Upstream-Service-Time:
      - '1331'
      X-Request-Id:
      - 84d00593-8649-4274-ba4d-1261f7f72f5f
      Cf-Cache-Status:
      - DYNAMIC
      Cf-Request-Id:
      - 03ecea488f0000fd326e1ad200000001
      Expect-Ct:
      - max-age=604800, report-uri="https://report-uri.cloudflare.com/cdn-cgi/beacon/expect-ct"
      Server:
      - cloudflare
      Cf-Ray:
      - 5b281320ea6afd32-SYD
    body:
      encoding: UTF-8
      string: '{"user":{"username":"hokus","email":"hokus@pokus.de","firstName":"Hokus","lastName":"Pokus","localZoneid":"America\/Chicago","cdate":"2020-07-13T22:14:39-05:00","udate":"2020-07-13T22:14:39-05:00","links":{"lists":"https:\/\/camplify1589433994.api-us1.com\/api\/3\/users\/28\/lists","userGroup":"https:\/\/camplify1589433994.api-us1.com\/api\/3\/users\/28\/userGroup","dealGroupTotals":"https:\/\/camplify1589433994.api-us1.com\/api\/3\/users\/28\/dealGroupTotals","dealGroupUsers":"https:\/\/camplify1589433994.api-us1.com\/api\/3\/users\/28\/dealGroupUsers","configs":"https:\/\/camplify1589433994.api-us1.com\/api\/3\/users\/28\/configs","dealConnection":"https:\/\/camplify1589433994.api-us1.com\/api\/3\/users\/28\/dealConnection","userConversationsPermission":"https:\/\/camplify1589433994.api-us1.com\/api\/3\/users\/28\/userConversationsPermission","seatUser":"https:\/\/camplify1589433994.api-us1.com\/api\/3\/users\/28\/seatUser"},"id":"28"}}'
    http_version: null
  recorded_at: Tue, 14 Jul 2020 03:14:40 GMT
- request:
    method: put
    uri: "<API_ENDPOINT>/users/28"
    body:
      encoding: UTF-8
      string: '{"user":{"firstName":"Mika","lastName":"Hel","email":"mika@hel.de","group":"34","username":"mikahel","password":"hokuspokus"}}'
    headers:
      User-Agent:
      - ActiveCampaign Ruby Client (v3.0.0)
      Accept:
      - application/json
      Content-Type:
      - application/json
      Api-Token:
      - "<API_KEY>"
      Accept-Encoding:
      - gzip;q=1.0,deflate;q=0.6,identity;q=0.3
  response:
    status:
      code: 200
      message: OK
    headers:
      Date:
      - Tue, 14 Jul 2020 03:14:40 GMT
      Content-Type:
      - application/json
      Transfer-Encoding:
      - chunked
      Connection:
      - keep-alive
      Set-Cookie:
      - PHPSESSID=a7b72ae6d4a19e3c71cc88ac4eb32077; path=/; HttpOnly
      - __cfduid=d9a4d5b16d1b80dd95c0551e039a1ee641594696480; expires=Thu, 13-Aug-20
        03:14:40 GMT; path=/; domain=.api-us1.com; HttpOnly; SameSite=Lax
      - em_acp_globalauth_cookie=4caa54b3-3082-4d92-bd76-e3628c4fbd44; path=/; domain=.camplify1589433994.api-us1.com;
        secure; httponly
      - em_acp_globalauth_cookie=deleted; expires=Thu, 01-Jan-1970 00:00:01 GMT; Max-Age=0;
        path=/; domain=.camplify1589433994.api-us1.com
      - em_acp_globalauth_cookie=deleted; expires=Thu, 01-Jan-1970 00:00:01 GMT; Max-Age=0;
        path=/; domain=.camplify1589433994.api-us1.com
      Cache-Control:
      - no-store, no-cache, must-revalidate
      Expires:
      - Thu, 19 Nov 1981 08:52:00 GMT
      Pragma:
      - no-cache
      X-Envoy-Upstream-Service-Time:
      - '289'
      X-Request-Id:
      - 9d8f9782-ffc9-4de0-9abc-b8d747004b62
      Cf-Cache-Status:
      - DYNAMIC
      Cf-Request-Id:
      - 03ecea4ecb0000fd2e0d8d7200000001
      Expect-Ct:
      - max-age=604800, report-uri="https://report-uri.cloudflare.com/cdn-cgi/beacon/expect-ct"
      Server:
      - cloudflare
      Cf-Ray:
      - 5b28132ade3ffd2e-SYD
    body:
      encoding: ASCII-8BIT
      string: '{"userGroups":[{"userid":"28","groupid":"34","cdate":"2020-07-13T22:14:40-05:00","udate":"2020-07-13T22:14:40-05:00","links":{"group":"https:\/\/camplify1589433994.api-us1.com\/api\/3\/userGroups\/28\/group","user":"https:\/\/camplify1589433994.api-us1.com\/api\/3\/userGroups\/28\/user"},"id":"28","group":"34","user":"28"}],"userConversationsPermissions":[{"user":"28","permission":"0","created_timestamp":"2020-07-13T22:14:40-05:00","updated_timestamp":"2020-07-13T22:14:40-05:00","links":{"user":"https:\/\/camplify1589433994.api-us1.com\/api\/3\/userConversationsPermissions\/28\/user"},"id":"28"}],"user":{"username":"mikahel","firstName":"Mika","lastName":"Hel","email":"mika@hel.de","phone":"","signature":null,"localZoneid":"America\/Chicago","password_updated_utc_timestamp":null,"cdate":"2020-07-13T22:14:39-05:00","udate":"2020-07-13T22:14:40-05:00","mfaEnabled":"0","userGroup":"28","userConversationsPermission":"28","links":{"lists":"https:\/\/camplify1589433994.api-us1.com\/api\/3\/users\/28\/lists","userGroup":"https:\/\/camplify1589433994.api-us1.com\/api\/3\/users\/28\/userGroup","dealGroupTotals":"https:\/\/camplify1589433994.api-us1.com\/api\/3\/users\/28\/dealGroupTotals","dealGroupUsers":"https:\/\/camplify1589433994.api-us1.com\/api\/3\/users\/28\/dealGroupUsers","configs":"https:\/\/camplify1589433994.api-us1.com\/api\/3\/users\/28\/configs","dealConnection":"https:\/\/camplify1589433994.api-us1.com\/api\/3\/users\/28\/dealConnection","userConversationsPermission":"https:\/\/camplify1589433994.api-us1.com\/api\/3\/users\/28\/userConversationsPermission","seatUser":"https:\/\/camplify1589433994.api-us1.com\/api\/3\/users\/28\/seatUser"},"id":"28"}}'
    http_version: null
  recorded_at: Tue, 14 Jul 2020 03:14:40 GMT
- request:
    method: delete
    uri: "<API_ENDPOINT>/users/28"
    body:
      encoding: US-ASCII
      string: ''
    headers:
      User-Agent:
      - ActiveCampaign Ruby Client (v3.0.0)
      Accept:
      - application/json
      Content-Type:
      - application/json
      Api-Token:
      - "<API_KEY>"
      Accept-Encoding:
      - gzip;q=1.0,deflate;q=0.6,identity;q=0.3
  response:
    status:
      code: 200
      message: OK
    headers:
      Date:
      - Tue, 14 Jul 2020 03:14:41 GMT
      Content-Type:
      - application/json
      Content-Length:
      - '2'
      Connection:
      - keep-alive
      Set-Cookie:
      - PHPSESSID=2ded870cfed95a254c7211eef441da71; path=/; HttpOnly
      - __cfduid=d39402b525a7f771b17b04f06d36c01c21594696481; expires=Thu, 13-Aug-20
        03:14:41 GMT; path=/; domain=.api-us1.com; HttpOnly; SameSite=Lax
      - em_acp_globalauth_cookie=deleted; expires=Thu, 01-Jan-1970 00:00:01 GMT; Max-Age=0;
        path=/; domain=.camplify1589433994.api-us1.com
      - em_acp_globalauth_cookie=deleted; expires=Thu, 01-Jan-1970 00:00:01 GMT; Max-Age=0;
        path=/; domain=.camplify1589433994.api-us1.com
      - em_acp_globalauth_cookie=ebd8677e-5d42-4228-b676-989ff034ee20; path=/; domain=.camplify1589433994.api-us1.com;
        secure; httponly
      Cache-Control:
      - no-store, no-cache, must-revalidate
      Expires:
      - Thu, 19 Nov 1981 08:52:00 GMT
      Pragma:
      - no-cache
      X-Envoy-Upstream-Service-Time:
      - '367'
      X-Request-Id:
      - e513c581-c953-4fae-b1c0-e9589c3b77d9
      Accept-Ranges:
      - bytes
      Cf-Cache-Status:
      - DYNAMIC
      Cf-Request-Id:
      - 03ecea50f6000016a9bc897200000001
      Expect-Ct:
      - max-age=604800, report-uri="https://report-uri.cloudflare.com/cdn-cgi/beacon/expect-ct"
      Server:
      - cloudflare
      Cf-Ray:
      - 5b28132e5a2716a9-SYD
    body:
      encoding: UTF-8
      string: "{}"
    http_version: null
  recorded_at: Tue, 14 Jul 2020 03:14:41 GMT
- request:
    method: delete
    uri: "<API_ENDPOINT>/groups/34"
    body:
      encoding: US-ASCII
      string: ''
    headers:
      User-Agent:
      - ActiveCampaign Ruby Client (v3.0.0)
      Accept:
      - application/json
      Content-Type:
      - application/json
      Api-Token:
      - "<API_KEY>"
      Accept-Encoding:
      - gzip;q=1.0,deflate;q=0.6,identity;q=0.3
  response:
    status:
      code: 200
      message: OK
    headers:
      Date:
      - Tue, 14 Jul 2020 03:14:41 GMT
      Content-Type:
      - application/json
      Content-Length:
      - '2'
      Connection:
      - keep-alive
      Set-Cookie:
      - PHPSESSID=3a371be7d1d9caea40d827e181d86207; path=/; HttpOnly
      - __cfduid=da3eaf775297d2d04f9542ddef9a56d3c1594696481; expires=Thu, 13-Aug-20
        03:14:41 GMT; path=/; domain=.api-us1.com; HttpOnly; SameSite=Lax
      - em_acp_globalauth_cookie=a631460c-b790-473e-b051-30fb566107a1; path=/; domain=.camplify1589433994.api-us1.com;
        secure; httponly
      - em_acp_globalauth_cookie=deleted; expires=Thu, 01-Jan-1970 00:00:01 GMT; Max-Age=0;
        path=/; domain=.camplify1589433994.api-us1.com
      - em_acp_globalauth_cookie=deleted; expires=Thu, 01-Jan-1970 00:00:01 GMT; Max-Age=0;
        path=/; domain=.camplify1589433994.api-us1.com
      Cache-Control:
      - no-store, no-cache, must-revalidate
      Expires:
      - Thu, 19 Nov 1981 08:52:00 GMT
      Pragma:
      - no-cache
      X-Envoy-Upstream-Service-Time:
      - '94'
      X-Request-Id:
      - 4fc52d98-a837-492b-8761-e35acf3f047f
      Accept-Ranges:
      - bytes
      Cf-Cache-Status:
      - DYNAMIC
      Cf-Request-Id:
      - 03ecea536c000016c5e433a200000001
      Expect-Ct:
      - max-age=604800, report-uri="https://report-uri.cloudflare.com/cdn-cgi/beacon/expect-ct"
      Server:
      - cloudflare
      Cf-Ray:
      - 5b28133248bd16c5-SYD
    body:
      encoding: UTF-8
      string: "{}"
    http_version: null
  recorded_at: Tue, 14 Jul 2020 03:14:41 GMT
recorded_with: VCR 5.1.0
