---
http_interactions:
- request:
    method: post
    uri: "<API_ENDPOINT>/contacts"
    body:
      encoding: UTF-8
      string: '{"contact":{"email":"mikael@mhenrixon.com","firstName":"Mikael","lastName":"Henriksson","phone":"+491735728523"}}'
    headers:
      User-Agent:
      - ActiveCampaign Ruby Client (v3.0.0)
      Accept:
      - application/json
      Content-Type:
      - application/json
      Api-Token:
      - "<API_KEY>"
      Accept-Encoding:
      - gzip;q=1.0,deflate;q=0.6,identity;q=0.3
  response:
    status:
      code: 201
      message: Created
    headers:
      Date:
      - Mon, 01 Jun 2020 05:26:09 GMT
      Content-Type:
      - application/json
      Content-Length:
      - '1973'
      Connection:
      - keep-alive
      Set-Cookie:
      - PHPSESSID=c16e320fc2ec77904a3bcd188c536282; path=/; HttpOnly
      - __cfduid=dd362124f846f47451fb6e59d9f2ea3781590989169; expires=Wed, 01-Jul-20
        05:26:09 GMT; path=/; domain=.api-us1.com; HttpOnly; SameSite=Lax
      - em_acp_globalauth_cookie=8100c37f-a5c0-4cfa-b569-5a07eb5ada05; path=/; domain=.camplify1589433994.api-us1.com;
        secure; httponly
      - em_acp_globalauth_cookie=deleted; expires=Thu, 01-Jan-1970 00:00:01 GMT; Max-Age=0;
        path=/; domain=.camplify1589433994.api-us1.com
      - em_acp_globalauth_cookie=deleted; expires=Thu, 01-Jan-1970 00:00:01 GMT; Max-Age=0;
        path=/; domain=.camplify1589433994.api-us1.com
      Access-Control-Allow-Headers:
      - Content-Type, origin, x-requested-with
      Access-Control-Allow-Methods:
      - POST, GET
      Access-Control-Allow-Origin:
      - "*"
      Cache-Control:
      - no-store, no-cache, must-revalidate
      Expires:
      - Thu, 19 Nov 1981 08:52:00 GMT
      Pragma:
      - no-cache
      X-Content-Type-Options:
      - nosniff
      X-Envoy-Upstream-Service-Time:
      - '160'
      X-Request-Id:
      - 4a7c3388-5ce7-40a4-94e1-fb4d2417fb95
      Cf-Cache-Status:
      - DYNAMIC
      Cf-Request-Id:
      - 030ff13a5c0000fd2267aab200000001
      Expect-Ct:
      - max-age=604800, report-uri="https://report-uri.cloudflare.com/cdn-cgi/beacon/expect-ct"
      Server:
      - cloudflare
      Cf-Ray:
      - 59c684a3ca44fd22-SYD
    body:
      encoding: UTF-8
      string: '{"contact":{"email":"mikael@mhenrixon.com","phone":"+491735728523","firstName":"Mikael","lastName":"Henriksson","cdate":"2020-06-01T00:26:09-05:00","udate":"2020-06-01T00:26:09-05:00","orgid":"","orgname":"","links":{"bounceLogs":"https:\/\/camplify1589433994.api-us1.com\/api\/3\/contacts\/109\/bounceLogs","contactAutomations":"https:\/\/camplify1589433994.api-us1.com\/api\/3\/contacts\/109\/contactAutomations?limit=1000&orders%5Blastdate%5D=DESC","contactData":"https:\/\/camplify1589433994.api-us1.com\/api\/3\/contacts\/109\/contactData","contactGoals":"https:\/\/camplify1589433994.api-us1.com\/api\/3\/contacts\/109\/contactGoals","contactLists":"https:\/\/camplify1589433994.api-us1.com\/api\/3\/contacts\/109\/contactLists","contactLogs":"https:\/\/camplify1589433994.api-us1.com\/api\/3\/contacts\/109\/contactLogs","contactTags":"https:\/\/camplify1589433994.api-us1.com\/api\/3\/contacts\/109\/contactTags","contactDeals":"https:\/\/camplify1589433994.api-us1.com\/api\/3\/contacts\/109\/contactDeals","deals":"https:\/\/camplify1589433994.api-us1.com\/api\/3\/contacts\/109\/deals","fieldValues":"https:\/\/camplify1589433994.api-us1.com\/api\/3\/contacts\/109\/fieldValues","geoIps":"https:\/\/camplify1589433994.api-us1.com\/api\/3\/contacts\/109\/geoIps","notes":"https:\/\/camplify1589433994.api-us1.com\/api\/3\/contacts\/109\/notes","organization":"https:\/\/camplify1589433994.api-us1.com\/api\/3\/contacts\/109\/organization","plusAppend":"https:\/\/camplify1589433994.api-us1.com\/api\/3\/contacts\/109\/plusAppend","trackingLogs":"https:\/\/camplify1589433994.api-us1.com\/api\/3\/contacts\/109\/trackingLogs","scoreValues":"https:\/\/camplify1589433994.api-us1.com\/api\/3\/contacts\/109\/scoreValues","accountContacts":"https:\/\/camplify1589433994.api-us1.com\/api\/3\/contacts\/109\/accountContacts","automationEntryCounts":"https:\/\/camplify1589433994.api-us1.com\/api\/3\/contacts\/109\/automationEntryCounts"},"id":"109","organization":""}}'
    http_version: null
  recorded_at: Mon, 01 Jun 2020 05:26:09 GMT
- request:
    method: post
    uri: "<API_ENDPOINT>/fields"
    body:
      encoding: UTF-8
      string: '{"field":{"title":"Custom text","type":"text","descript":"A custom
        text field","isrequired":"0","perstag":"perstag","defval":"Default value","visible":"1","ordernum":"2"}}'
    headers:
      User-Agent:
      - ActiveCampaign Ruby Client (v3.0.0)
      Accept:
      - application/json
      Content-Type:
      - application/json
      Api-Token:
      - "<API_KEY>"
      Accept-Encoding:
      - gzip;q=1.0,deflate;q=0.6,identity;q=0.3
  response:
    status:
      code: 201
      message: Created
    headers:
      Date:
      - Mon, 01 Jun 2020 05:26:10 GMT
      Content-Type:
      - application/json
      Content-Length:
      - '429'
      Connection:
      - keep-alive
      Set-Cookie:
      - PHPSESSID=2843f9b64081d326ee81fc0bf6dce9c9; path=/; HttpOnly
      - __cfduid=d371aaad50c9116b91e2b80d7904668f71590989169; expires=Wed, 01-Jul-20
        05:26:09 GMT; path=/; domain=.api-us1.com; HttpOnly; SameSite=Lax
      - em_acp_globalauth_cookie=bcbc5502-50ee-4771-a6aa-ac61efbf18cc; path=/; domain=.camplify1589433994.api-us1.com;
        secure; httponly
      - em_acp_globalauth_cookie=deleted; expires=Thu, 01-Jan-1970 00:00:01 GMT; Max-Age=0;
        path=/; domain=.camplify1589433994.api-us1.com
      - em_acp_globalauth_cookie=deleted; expires=Thu, 01-Jan-1970 00:00:01 GMT; Max-Age=0;
        path=/; domain=.camplify1589433994.api-us1.com
      Cache-Control:
      - no-store, no-cache, must-revalidate
      Expires:
      - Thu, 19 Nov 1981 08:52:00 GMT
      Pragma:
      - no-cache
      X-Envoy-Upstream-Service-Time:
      - '212'
      X-Request-Id:
      - 55274e87-79d6-41f8-83b4-bb8637bbaad8
      Cf-Cache-Status:
      - DYNAMIC
      Cf-Request-Id:
      - 030ff13c110000fd42eba83200000001
      Expect-Ct:
      - max-age=604800, report-uri="https://report-uri.cloudflare.com/cdn-cgi/beacon/expect-ct"
      Server:
      - cloudflare
      Cf-Ray:
      - 59c684a68c2bfd42-SYD
    body:
      encoding: UTF-8
      string: '{"field":{"type":"text","title":"Custom text","descript":"A custom
        text field","isrequired":"0","perstag":"PERSTAG","defval":"Default value","visible":"1","ordernum":1,"cdate":"2020-06-01T00:26:09-05:00","udate":"2020-06-01T00:26:09-05:00","links":{"options":"https:\/\/camplify1589433994.api-us1.com\/api\/3\/fields\/21\/options","relations":"https:\/\/camplify1589433994.api-us1.com\/api\/3\/fields\/21\/relations"},"id":"21"}}'
    http_version: null
  recorded_at: Mon, 01 Jun 2020 05:26:10 GMT
- request:
    method: post
    uri: "<API_ENDPOINT>/fieldValues"
    body:
      encoding: UTF-8
      string: '{"fieldValue":{"contact":"109","field":"21","value":"Text field value"}}'
    headers:
      User-Agent:
      - ActiveCampaign Ruby Client (v3.0.0)
      Accept:
      - application/json
      Content-Type:
      - application/json
      Api-Token:
      - "<API_KEY>"
      Accept-Encoding:
      - gzip;q=1.0,deflate;q=0.6,identity;q=0.3
  response:
    status:
      code: 201
      message: Created
    headers:
      Date:
      - Mon, 01 Jun 2020 05:26:11 GMT
      Content-Type:
      - application/json
      Content-Length:
      - '2874'
      Connection:
      - keep-alive
      Set-Cookie:
      - PHPSESSID=7949444a8c8f9b12517eeb0cf6e62968; path=/; HttpOnly
      - __cfduid=db21027bdc4e5f1dab2ab5fba8555f79a1590989170; expires=Wed, 01-Jul-20
        05:26:10 GMT; path=/; domain=.api-us1.com; HttpOnly; SameSite=Lax
      - em_acp_globalauth_cookie=b23035b2-d54e-4c66-a741-3f10e875cca2; path=/; domain=.camplify1589433994.api-us1.com;
        secure; httponly
      - em_acp_globalauth_cookie=deleted; expires=Thu, 01-Jan-1970 00:00:01 GMT; Max-Age=0;
        path=/; domain=.camplify1589433994.api-us1.com
      - em_acp_globalauth_cookie=deleted; expires=Thu, 01-Jan-1970 00:00:01 GMT; Max-Age=0;
        path=/; domain=.camplify1589433994.api-us1.com
      Cache-Control:
      - no-store, no-cache, must-revalidate
      Expires:
      - Thu, 19 Nov 1981 08:52:00 GMT
      Pragma:
      - no-cache
      X-Envoy-Upstream-Service-Time:
      - '101'
      X-Request-Id:
      - 649753a3-a52c-4479-948d-b30635b57ba7
      Cf-Cache-Status:
      - DYNAMIC
      Cf-Request-Id:
      - 030ff13dfa0000fd4abd973200000001
      Expect-Ct:
      - max-age=604800, report-uri="https://report-uri.cloudflare.com/cdn-cgi/beacon/expect-ct"
      Server:
      - cloudflare
      Cf-Ray:
      - 59c684a99e1dfd4a-SYD
    body:
      encoding: UTF-8
      string: '{"contacts":[{"cdate":"2020-06-01T00:26:09-05:00","email":"mikael@mhenrixon.com","phone":"+491735728523","firstName":"Mikael","lastName":"Henriksson","orgid":"0","orgname":"","segmentio_id":"","bounced_hard":"0","bounced_soft":"0","bounced_date":null,"ip":"0","ua":null,"hash":"2d08126b6e3d0e329c8cac65f0ab44c0","socialdata_lastcheck":null,"email_local":"","email_domain":"","sentcnt":"0","rating_tstamp":null,"gravatar":"0","deleted":"0","anonymized":"0","adate":null,"udate":"2020-06-01T00:26:11-05:00","edate":null,"deleted_at":null,"created_utc_timestamp":"2020-06-01
        00:26:09","updated_utc_timestamp":"2020-06-01 00:26:11","created_timestamp":"2020-06-01
        00:26:09","updated_timestamp":"2020-06-01 00:26:11","created_by":null,"updated_by":null,"email_empty":"0","links":{"bounceLogs":"https:\/\/camplify1589433994.api-us1.com\/api\/3\/contacts\/109\/bounceLogs","contactAutomations":"https:\/\/camplify1589433994.api-us1.com\/api\/3\/contacts\/109\/contactAutomations?limit=1000&orders%5Blastdate%5D=DESC","contactData":"https:\/\/camplify1589433994.api-us1.com\/api\/3\/contacts\/109\/contactData","contactGoals":"https:\/\/camplify1589433994.api-us1.com\/api\/3\/contacts\/109\/contactGoals","contactLists":"https:\/\/camplify1589433994.api-us1.com\/api\/3\/contacts\/109\/contactLists","contactLogs":"https:\/\/camplify1589433994.api-us1.com\/api\/3\/contacts\/109\/contactLogs","contactTags":"https:\/\/camplify1589433994.api-us1.com\/api\/3\/contacts\/109\/contactTags","contactDeals":"https:\/\/camplify1589433994.api-us1.com\/api\/3\/contacts\/109\/contactDeals","deals":"https:\/\/camplify1589433994.api-us1.com\/api\/3\/contacts\/109\/deals","fieldValues":"https:\/\/camplify1589433994.api-us1.com\/api\/3\/contacts\/109\/fieldValues","geoIps":"https:\/\/camplify1589433994.api-us1.com\/api\/3\/contacts\/109\/geoIps","notes":"https:\/\/camplify1589433994.api-us1.com\/api\/3\/contacts\/109\/notes","organization":"https:\/\/camplify1589433994.api-us1.com\/api\/3\/contacts\/109\/organization","plusAppend":"https:\/\/camplify1589433994.api-us1.com\/api\/3\/contacts\/109\/plusAppend","trackingLogs":"https:\/\/camplify1589433994.api-us1.com\/api\/3\/contacts\/109\/trackingLogs","scoreValues":"https:\/\/camplify1589433994.api-us1.com\/api\/3\/contacts\/109\/scoreValues","accountContacts":"https:\/\/camplify1589433994.api-us1.com\/api\/3\/contacts\/109\/accountContacts","automationEntryCounts":"https:\/\/camplify1589433994.api-us1.com\/api\/3\/contacts\/109\/automationEntryCounts"},"id":"109","organization":null}],"fieldValue":{"contact":"109","field":"21","value":"Text
        field value","cdate":"2020-06-01T00:26:11-05:00","udate":"2020-06-01T00:26:11-05:00","links":{"owner":"https:\/\/camplify1589433994.api-us1.com\/api\/3\/fieldValues\/9\/owner","field":"https:\/\/camplify1589433994.api-us1.com\/api\/3\/fieldValues\/9\/field"},"owner":"109","id":"9"}}'
    http_version: null
  recorded_at: Mon, 01 Jun 2020 05:26:11 GMT
- request:
    method: delete
    uri: "<API_ENDPOINT>/fieldValues/9"
    body:
      encoding: US-ASCII
      string: ''
    headers:
      User-Agent:
      - ActiveCampaign Ruby Client (v3.0.0)
      Accept:
      - application/json
      Content-Type:
      - application/json
      Api-Token:
      - "<API_KEY>"
      Accept-Encoding:
      - gzip;q=1.0,deflate;q=0.6,identity;q=0.3
  response:
    status:
      code: 200
      message: OK
    headers:
      Date:
      - Mon, 01 Jun 2020 05:26:11 GMT
      Content-Type:
      - application/json
      Content-Length:
      - '2'
      Connection:
      - keep-alive
      Set-Cookie:
      - PHPSESSID=84f3f7a1a3bedba13a8b8bff6479311f; path=/; HttpOnly
      - __cfduid=ddb76c8b6008dea33cddc86491aa729801590989171; expires=Wed, 01-Jul-20
        05:26:11 GMT; path=/; domain=.api-us1.com; HttpOnly; SameSite=Lax
      - em_acp_globalauth_cookie=bf113fbd-e43b-414c-9f0d-f15ff094cc1c; path=/; domain=.camplify1589433994.api-us1.com;
        secure; httponly
      - em_acp_globalauth_cookie=deleted; expires=Thu, 01-Jan-1970 00:00:01 GMT; Max-Age=0;
        path=/; domain=.camplify1589433994.api-us1.com
      - em_acp_globalauth_cookie=deleted; expires=Thu, 01-Jan-1970 00:00:01 GMT; Max-Age=0;
        path=/; domain=.camplify1589433994.api-us1.com
      Cache-Control:
      - no-store, no-cache, must-revalidate
      Expires:
      - Thu, 19 Nov 1981 08:52:00 GMT
      Pragma:
      - no-cache
      X-Envoy-Upstream-Service-Time:
      - '82'
      X-Request-Id:
      - ad523d91-9695-4dcf-989a-f755f96e8bd2
      Cf-Cache-Status:
      - DYNAMIC
      Cf-Request-Id:
      - 030ff14222000065f757be9200000001
      Expect-Ct:
      - max-age=604800, report-uri="https://report-uri.cloudflare.com/cdn-cgi/beacon/expect-ct"
      Server:
      - cloudflare
      Cf-Ray:
      - 59c684b03e0565f7-SYD
    body:
      encoding: UTF-8
      string: "{}"
    http_version: null
  recorded_at: Mon, 01 Jun 2020 05:26:11 GMT
- request:
    method: delete
    uri: "<API_ENDPOINT>/fieldValues/9"
    body:
      encoding: US-ASCII
      string: ''
    headers:
      User-Agent:
      - ActiveCampaign Ruby Client (v3.0.0)
      Accept:
      - application/json
      Content-Type:
      - application/json
      Api-Token:
      - "<API_KEY>"
      Accept-Encoding:
      - gzip;q=1.0,deflate;q=0.6,identity;q=0.3
  response:
    status:
      code: 404
      message: Not Found
    headers:
      Date:
      - Mon, 01 Jun 2020 05:26:12 GMT
      Content-Type:
      - application/json
      Transfer-Encoding:
      - chunked
      Connection:
      - keep-alive
      Set-Cookie:
      - PHPSESSID=4abc352efd9248d97cd21b3c65134717; path=/; HttpOnly
      - __cfduid=dc68b38537735b29f81bd8fd3ea5c43ad1590989171; expires=Wed, 01-Jul-20
        05:26:11 GMT; path=/; domain=.api-us1.com; HttpOnly; SameSite=Lax
      - em_acp_globalauth_cookie=5b28bc9d-b219-4259-b502-5d21a462b3af; path=/; domain=.camplify1589433994.api-us1.com;
        secure; httponly
      - em_acp_globalauth_cookie=deleted; expires=Thu, 01-Jan-1970 00:00:01 GMT; Max-Age=0;
        path=/; domain=.camplify1589433994.api-us1.com
      - em_acp_globalauth_cookie=deleted; expires=Thu, 01-Jan-1970 00:00:01 GMT; Max-Age=0;
        path=/; domain=.camplify1589433994.api-us1.com
      Cache-Control:
      - no-store, no-cache, must-revalidate
      Expires:
      - Thu, 19 Nov 1981 08:52:00 GMT
      Pragma:
      - no-cache
      X-Envoy-Upstream-Service-Time:
      - '78'
      X-Request-Id:
      - 3270af5f-7c3f-4f28-9396-7398e40ebb0d
      Cf-Cache-Status:
      - DYNAMIC
      Cf-Request-Id:
      - 030ff1439f0000fd26d3821200000001
      Expect-Ct:
      - max-age=604800, report-uri="https://report-uri.cloudflare.com/cdn-cgi/beacon/expect-ct"
      Server:
      - cloudflare
      Cf-Ray:
      - 59c684b299c5fd26-SYD
    body:
      encoding: ASCII-8BIT
      string: '{"message":"No Result found for FieldValue with id 9"}'
    http_version: null
  recorded_at: Mon, 01 Jun 2020 05:26:12 GMT
- request:
    method: delete
    uri: "<API_ENDPOINT>/fields/21"
    body:
      encoding: US-ASCII
      string: ''
    headers:
      User-Agent:
      - ActiveCampaign Ruby Client (v3.0.0)
      Accept:
      - application/json
      Content-Type:
      - application/json
      Api-Token:
      - "<API_KEY>"
      Accept-Encoding:
      - gzip;q=1.0,deflate;q=0.6,identity;q=0.3
  response:
    status:
      code: 200
      message: OK
    headers:
      Date:
      - Mon, 01 Jun 2020 05:26:13 GMT
      Content-Type:
      - application/json
      Content-Length:
      - '2'
      Connection:
      - keep-alive
      Set-Cookie:
      - PHPSESSID=b9609d90c8f9b7ed0aa457ca807ba406; path=/; HttpOnly
      - __cfduid=d4aad5150020aca15acd0851adb03259f1590989172; expires=Wed, 01-Jul-20
        05:26:12 GMT; path=/; domain=.api-us1.com; HttpOnly; SameSite=Lax
      - em_acp_globalauth_cookie=94c45279-ee8a-4182-9e59-272f8bded87f; path=/; domain=.camplify1589433994.api-us1.com;
        secure; httponly
      - em_acp_globalauth_cookie=deleted; expires=Thu, 01-Jan-1970 00:00:01 GMT; Max-Age=0;
        path=/; domain=.camplify1589433994.api-us1.com
      - em_acp_globalauth_cookie=deleted; expires=Thu, 01-Jan-1970 00:00:01 GMT; Max-Age=0;
        path=/; domain=.camplify1589433994.api-us1.com
      Cache-Control:
      - no-store, no-cache, must-revalidate
      Expires:
      - Thu, 19 Nov 1981 08:52:00 GMT
      Pragma:
      - no-cache
      X-Envoy-Upstream-Service-Time:
      - '216'
      X-Request-Id:
      - 3f6933ec-218a-4292-8224-c2567211aa65
      Cf-Cache-Status:
      - DYNAMIC
      Cf-Request-Id:
      - 030ff147a20000fd3e729b6200000001
      Expect-Ct:
      - max-age=604800, report-uri="https://report-uri.cloudflare.com/cdn-cgi/beacon/expect-ct"
      Server:
      - cloudflare
      Cf-Ray:
      - 59c684b908c1fd3e-SYD
    body:
      encoding: UTF-8
      string: "{}"
    http_version: null
  recorded_at: Mon, 01 Jun 2020 05:26:13 GMT
- request:
    method: delete
    uri: "<API_ENDPOINT>/contacts/109"
    body:
      encoding: US-ASCII
      string: ''
    headers:
      User-Agent:
      - ActiveCampaign Ruby Client (v3.0.0)
      Accept:
      - application/json
      Content-Type:
      - application/json
      Api-Token:
      - "<API_KEY>"
      Accept-Encoding:
      - gzip;q=1.0,deflate;q=0.6,identity;q=0.3
  response:
    status:
      code: 200
      message: OK
    headers:
      Date:
      - Mon, 01 Jun 2020 05:26:14 GMT
      Content-Type:
      - application/json
      Content-Length:
      - '2'
      Connection:
      - keep-alive
      Set-Cookie:
      - PHPSESSID=cb28e85e61cf7968f201bdfe316dc2a0; path=/; HttpOnly
      - __cfduid=d8992f8d599c121d560e5e125cbd38bfd1590989173; expires=Wed, 01-Jul-20
        05:26:13 GMT; path=/; domain=.api-us1.com; HttpOnly; SameSite=Lax
      - em_acp_globalauth_cookie=08ec48fe-00a0-424e-949d-a5b32f56e83a; path=/; domain=.camplify1589433994.api-us1.com;
        secure; httponly
      - em_acp_globalauth_cookie=deleted; expires=Thu, 01-Jan-1970 00:00:01 GMT; Max-Age=0;
        path=/; domain=.camplify1589433994.api-us1.com
      - em_acp_globalauth_cookie=deleted; expires=Thu, 01-Jan-1970 00:00:01 GMT; Max-Age=0;
        path=/; domain=.camplify1589433994.api-us1.com
      Cache-Control:
      - no-store, no-cache, must-revalidate
      Expires:
      - Thu, 19 Nov 1981 08:52:00 GMT
      Pragma:
      - no-cache
      X-Envoy-Upstream-Service-Time:
      - '141'
      X-Request-Id:
      - 3acb91e9-9373-4554-abe9-3729dd234b41
      Cf-Cache-Status:
      - DYNAMIC
      Cf-Request-Id:
      - 030ff14c280000da46c920e200000001
      Expect-Ct:
      - max-age=604800, report-uri="https://report-uri.cloudflare.com/cdn-cgi/beacon/expect-ct"
      Server:
      - cloudflare
      Cf-Ray:
      - 59c684c04b02da46-SYD
    body:
      encoding: UTF-8
      string: "{}"
    http_version: null
  recorded_at: Mon, 01 Jun 2020 05:26:14 GMT
recorded_with: VCR 5.1.0
